Archive member included to satisfy reference by file (symbol)

d:/nxp/mcuxpressoide_10.2.0_759/ide/tools/bin/../lib/gcc/arm-none-eabi/7.2.1/../../../../arm-none-eabi/lib/thumb/v6-m\libcr_semihost_nf.a(_cr__main.o)
                              ./startup/startup_mkl25z4.o (__main)
d:/nxp/mcuxpressoide_10.2.0_759/ide/tools/bin/../lib/gcc/arm-none-eabi/7.2.1/../../../../arm-none-eabi/lib/thumb/v6-m\libcr_semihost_nf.a(_cr_assert.o)
                              ./drivers/fsl_clock.o (__assertion_failed)
d:/nxp/mcuxpressoide_10.2.0_759/ide/tools/bin/../lib/gcc/arm-none-eabi/7.2.1/../../../../arm-none-eabi/lib/thumb/v6-m\libcr_semihost_nf.a(__ciob.o)
                              d:/nxp/mcuxpressoide_10.2.0_759/ide/tools/bin/../lib/gcc/arm-none-eabi/7.2.1/../../../../arm-none-eabi/lib/thumb/v6-m\libcr_semihost_nf.a(_cr_assert.o) (__Ciob)
d:/nxp/mcuxpressoide_10.2.0_759/ide/tools/bin/../lib/gcc/arm-none-eabi/7.2.1/../../../../arm-none-eabi/lib/thumb/v6-m\libcr_semihost_nf.a(__sys_appexit.o)
                              d:/nxp/mcuxpressoide_10.2.0_759/ide/tools/bin/../lib/gcc/arm-none-eabi/7.2.1/../../../../arm-none-eabi/lib/thumb/v6-m\libcr_semihost_nf.a(_cr_assert.o) (__sys_appexit)
d:/nxp/mcuxpressoide_10.2.0_759/ide/tools/bin/../lib/gcc/arm-none-eabi/7.2.1/../../../../arm-none-eabi/lib/thumb/v6-m\libcr_c.a(memcpy.o)
                              ./drivers/fsl_flash.o (memcpy)
d:/nxp/mcuxpressoide_10.2.0_759/ide/tools/bin/../lib/gcc/arm-none-eabi/7.2.1/../../../../arm-none-eabi/lib/thumb/v6-m\libcr_c.a(memset.o)
                              ./drivers/fsl_flash.o (memset)
d:/nxp/mcuxpressoide_10.2.0_759/ide/tools/bin/../lib/gcc/arm-none-eabi/7.2.1/../../../../arm-none-eabi/lib/thumb/v6-m\libcr_c.a(_deferredlazyseek.o)
                              d:/nxp/mcuxpressoide_10.2.0_759/ide/tools/bin/../lib/gcc/arm-none-eabi/7.2.1/../../../../arm-none-eabi/lib/thumb/v6-m\libcr_semihost_nf.a(_cr_assert.o) (__flsbuf)
d:/nxp/mcuxpressoide_10.2.0_759/ide/tools/bin/../lib/gcc/arm-none-eabi/7.2.1/../../../../arm-none-eabi/lib/thumb/v6-m\libcr_c.a(_fflush.o)
                              d:/nxp/mcuxpressoide_10.2.0_759/ide/tools/bin/../lib/gcc/arm-none-eabi/7.2.1/../../../../arm-none-eabi/lib/thumb/v6-m\libcr_c.a(_deferredlazyseek.o) (_fflush)
d:/nxp/mcuxpressoide_10.2.0_759/ide/tools/bin/../lib/gcc/arm-none-eabi/7.2.1/../../../../arm-none-eabi/lib/thumb/v6-m\libcr_c.a(_writebuf.o)
                              d:/nxp/mcuxpressoide_10.2.0_759/ide/tools/bin/../lib/gcc/arm-none-eabi/7.2.1/../../../../arm-none-eabi/lib/thumb/v6-m\libcr_c.a(_deferredlazyseek.o) (_Cwritebuf)
d:/nxp/mcuxpressoide_10.2.0_759/ide/tools/bin/../lib/gcc/arm-none-eabi/7.2.1/../../../../arm-none-eabi/lib/thumb/v6-m\libcr_c.a(alloc.o)
                              d:/nxp/mcuxpressoide_10.2.0_759/ide/tools/bin/../lib/gcc/arm-none-eabi/7.2.1/../../../../arm-none-eabi/lib/thumb/v6-m\libcr_c.a(_deferredlazyseek.o) (_Csys_alloc)
d:/nxp/mcuxpressoide_10.2.0_759/ide/tools/bin/../lib/gcc/arm-none-eabi/7.2.1/../../../../arm-none-eabi/lib/thumb/v6-m\libcr_c.a(fputs.o)
                              d:/nxp/mcuxpressoide_10.2.0_759/ide/tools/bin/../lib/gcc/arm-none-eabi/7.2.1/../../../../arm-none-eabi/lib/thumb/v6-m\libcr_semihost_nf.a(_cr_assert.o) (fputs)
d:/nxp/mcuxpressoide_10.2.0_759/ide/tools/bin/../lib/gcc/arm-none-eabi/7.2.1/../../../../arm-none-eabi/lib/thumb/v6-m\libcr_c.a(fseek.o)
                              d:/nxp/mcuxpressoide_10.2.0_759/ide/tools/bin/../lib/gcc/arm-none-eabi/7.2.1/../../../../arm-none-eabi/lib/thumb/v6-m\libcr_c.a(_deferredlazyseek.o) (fseek)
d:/nxp/mcuxpressoide_10.2.0_759/ide/tools/bin/../lib/gcc/arm-none-eabi/7.2.1/../../../../arm-none-eabi/lib/thumb/v6-m\libcr_c.a(ftell.o)
                              d:/nxp/mcuxpressoide_10.2.0_759/ide/tools/bin/../lib/gcc/arm-none-eabi/7.2.1/../../../../arm-none-eabi/lib/thumb/v6-m\libcr_c.a(fseek.o) (ftell)
d:/nxp/mcuxpressoide_10.2.0_759/ide/tools/bin/../lib/gcc/arm-none-eabi/7.2.1/../../../../arm-none-eabi/lib/thumb/v6-m\libcr_c.a(initio.o)
                              d:/nxp/mcuxpressoide_10.2.0_759/ide/tools/bin/../lib/gcc/arm-none-eabi/7.2.1/../../../../arm-none-eabi/lib/thumb/v6-m\libcr_semihost_nf.a(_cr__main.o) (_initio)
d:/nxp/mcuxpressoide_10.2.0_759/ide/tools/bin/../lib/gcc/arm-none-eabi/7.2.1/../../../../arm-none-eabi/lib/thumb/v6-m\libcr_c.a(printf.o)
                              ./source/leds.o (_printf)
d:/nxp/mcuxpressoide_10.2.0_759/ide/tools/bin/../lib/gcc/arm-none-eabi/7.2.1/../../../../arm-none-eabi/lib/thumb/v6-m\libcr_c.a(setvbuf.o)
                              d:/nxp/mcuxpressoide_10.2.0_759/ide/tools/bin/../lib/gcc/arm-none-eabi/7.2.1/../../../../arm-none-eabi/lib/thumb/v6-m\libcr_c.a(initio.o) (setvbuf)
d:/nxp/mcuxpressoide_10.2.0_759/ide/tools/bin/../lib/gcc/arm-none-eabi/7.2.1/../../../../arm-none-eabi/lib/thumb/v6-m\libcr_c.a(strlen.o)
[...]
Memory Configuration

Name             Origin             Length             Attributes
PROGRAM_FLASH    0x00000000         0x00020000         xr
SRAM             0x1ffff000         0x00004000         xrw
*default*        0x00000000         0xffffffff

Linker script and memory map

LOAD ./utilities/fsl_debug_console.o
LOAD ./startup/startup_mkl25z4.o
LOAD ./source/leds.o
LOAD ./source/mtb.o
LOAD ./source/semihost_hardfault.o
LOAD ./source/timer.o
LOAD ./source/tpm_pwm_twochannel.o
LOAD ./source/ws2812b.o
LOAD ./drivers/fsl_clock.o
LOAD ./drivers/fsl_common.o
LOAD ./drivers/fsl_flash.o
LOAD ./drivers/fsl_gpio.o
LOAD ./drivers/fsl_lpsci.o
LOAD ./drivers/fsl_smc.o
LOAD ./drivers/fsl_tpm.o
LOAD ./drivers/fsl_uart.o
LOAD ./board/board.o
LOAD ./board/clock_config.o
LOAD ./board/peripherals.o
LOAD ./board/pin_mux.o
LOAD ./CMSIS/system_MKL25Z4.o
START GROUP
LOAD d:/nxp/mcuxpressoide_10.2.0_759/ide/tools/bin/../lib/gcc/arm-none-eabi/7.2.1/../../../../arm-none-eabi/lib/thumb/v6-m\libcr_semihost_nf.a
LOAD d:/nxp/mcuxpressoide_10.2.0_759/ide/tools/bin/../lib/gcc/arm-none-eabi/7.2.1/../../../../arm-none-eabi/lib/thumb/v6-m\libcr_c.a
LOAD d:/nxp/mcuxpressoide_10.2.0_759/ide/tools/bin/../lib/gcc/arm-none-eabi/7.2.1/thumb/v6-m\libcr_eabihelpers.a
END GROUP
                0x00000000                __base_PROGRAM_FLASH = 0x0
                0x00000000                __base_Flash = 0x0
                0x00020000                __top_PROGRAM_FLASH = 0x20000
                0x00020000                __top_Flash = 0x20000
                0x1ffff000                __base_SRAM = 0x1ffff000
                0x1ffff000                __base_RAM = 0x1ffff000
                0x20003000                __top_SRAM = 0x20003000
                0x20003000                __top_RAM = 0x20003000

.text           0x00000000     0x4df4
 FILL mask 0xff
                0x00000000                __vectors_start__ = ABSOLUTE (.)
 *(.isr_vector)
 .isr_vector    0x00000000       0xc0 ./startup/startup_mkl25z4.o
                0x00000000                g_pfnVectors
                0x00000000                __Vectors
                0x000000c0                . = ALIGN (0x4)
                0x000000c0                __section_table_start = .
                0x000000c0                __data_section_table = .
                0x000000c0        0x4 LONG 0x4df4 LOADADDR (.data)
                0x000000c4        0x4 LONG 0x1ffff080 ADDR (.data)
                0x000000c8        0x4 LONG 0xc SIZEOF (.data)
                0x000000cc                __data_section_table_end = .
                0x000000cc                __bss_section_table = .
                0x000000cc        0x4 LONG 0x1ffff08c ADDR (.bss)
                0x000000d0        0x4 LONG 0x114 SIZEOF (.bss)
                0x000000d4                __bss_section_table_end = .
                0x000000d4                __section_table_end = .
 *(.after_vectors*)
 .after_vectors.init_data
                0x000000d4       0x16 ./startup/startup_mkl25z4.o
                0x000000d4                data_init
 .after_vectors.init_bss
                0x000000ea       0x12 ./startup/startup_mkl25z4.o
                0x000000ea                bss_init
 .after_vectors.reset
                0x000000fc       0x4c ./startup/startup_mkl25z4.o
                0x000000fc                ResetISR
 .after_vectors
                0x00000148      0x10c ./startup/startup_mkl25z4.o
                0x00000148                NMI_Handler
                0x0000014c                SVC_Handler
                0x0000014e                PendSV_Handler
                0x00000150                SysTick_Handler
                0x00000152                LPTMR0_DriverIRQHandler
                0x00000152                Reserved39_DriverIRQHandler
                0x00000152                DMA0_DriverIRQHandler
                0x00000152                SPI1_DriverIRQHandler
                0x00000152                I2C0_DriverIRQHandler
                0x00000152                PORTD_DriverIRQHandler
                0x00000152                DMA2_DriverIRQHandler
                0x00000152                CMP0_DriverIRQHandler
                0x00000152                TPM2_DriverIRQHandler
                0x00000152                ADC0_DriverIRQHandler
                0x00000152                SPI0_DriverIRQHandler
                0x00000152                TSI0_DriverIRQHandler
                0x00000152                RTC_Seconds_DriverIRQHandler
                0x00000152                I2C1_DriverIRQHandler
                0x00000152                Reserved45_DriverIRQHandler
                0x00000152                LLWU_DriverIRQHandler
                0x00000152                MCG_DriverIRQHandler
                0x00000152                DMA1_DriverIRQHandler
                0x00000152                PIT_DriverIRQHandler
                0x00000152                RTC_DriverIRQHandler
                0x00000152                FTFA_DriverIRQHandler
                0x00000152                IntDefaultHandler
                0x00000152                USB0_DriverIRQHandler
                0x00000152                DAC0_DriverIRQHandler
                0x00000152                TPM1_DriverIRQHandler
                0x00000152                LVD_LVW_DriverIRQHandler
                0x00000152                TPM0_DriverIRQHandler
                0x00000152                PORTA_DriverIRQHandler
                0x00000152                DMA3_DriverIRQHandler
                0x00000152                Reserved20_DriverIRQHandler
                0x00000154                DMA0_IRQHandler
                0x0000015c                DMA1_IRQHandler
                0x00000164                DMA2_IRQHandler
                0x0000016c                DMA3_IRQHandler
                0x00000174                Reserved20_IRQHandler
                0x0000017c                FTFA_IRQHandler
                0x00000184                LVD_LVW_IRQHandler
                0x0000018c                LLWU_IRQHandler
                0x00000194                I2C0_IRQHandler
                0x0000019c                I2C1_IRQHandler
                0x000001a4                SPI0_IRQHandler
                0x000001ac                SPI1_IRQHandler
                0x000001b4                UART0_IRQHandler
                0x000001bc                UART1_IRQHandler
                0x000001c4                UART2_IRQHandler
                0x000001cc                ADC0_IRQHandler
                0x000001d4                CMP0_IRQHandler
                0x000001dc                TPM0_IRQHandler
                0x000001ec                TPM2_IRQHandler
                0x000001f4                RTC_IRQHandler
                0x000001fc                RTC_Seconds_IRQHandler
                0x00000204                PIT_IRQHandler
                0x0000020c                Reserved39_IRQHandler
                0x00000214                USB0_IRQHandler
                0x0000021c                DAC0_IRQHandler
                0x00000224                TSI0_IRQHandler
                0x0000022c                MCG_IRQHandler
                0x00000234                LPTMR0_IRQHandler
                0x0000023c                Reserved45_IRQHandler
                0x00000244                PORTA_IRQHandler
                0x0000024c                PORTD_IRQHandler
                0x00000400                . = 0x400
 *fill*         0x00000254      0x1ac ff
                0x00000400                PROVIDE (__FLASH_CONFIG_START__, .)
 *(.FlashConfig)
 .FlashConfig   0x00000400       0x10 ./startup/startup_mkl25z4.o
                0x00000400                Flash_Config
                0x00000410                PROVIDE (__FLASH_CONFIG_END__, .)
                0x00000001                ASSERT (! ((__FLASH_CONFIG_START__ == __FLASH_CONFIG_END__)), Linker Flash Config Support Enabled, but no .FlashConfig section provided within application)
 *(.text*)
 .text.UART_EnableTx
                0x00000410       0x40 ./utilities/fsl_debug_console.o
 .text.UART_EnableRx
                0x00000450       0x40 ./utilities/fsl_debug_console.o
 .text.LPSCI_EnableTx
                0x00000490       0x40 ./utilities/fsl_debug_console.o
 .text.LPSCI_EnableRx
                0x000004d0       0x40 ./utilities/fsl_debug_console.o
 .text.DbgConsole_Init
                0x00000510       0xf4 ./utilities/fsl_debug_console.o
                0x00000510                DbgConsole_Init
 .text.TPM_StartTimer
                0x00000604       0x3a ./source/leds.o
 *fill*         0x0000063e        0x2 ff
 .text.leds_init
                0x00000640       0x54 ./source/leds.o
                0x00000640                leds_init
 .text.leds_start
                0x00000694       0xa4 ./source/leds.o
                0x00000694                leds_start
 .text.leds_get_state
                0x00000738       0x14 ./source/leds.o
                0x00000738                leds_get_state
 .text.leds_next_state
                0x0000074c       0x9c ./source/leds.o
                0x0000074c                leds_next_state
 .text.leds_set_red
                0x000007e8       0x28 ./source/leds.o
                0x000007e8                leds_set_red
 .text.leds_set_green
                0x00000810       0x28 ./source/leds.o
                0x00000810                leds_set_green
 .text.leds_set_blue
                0x00000838       0x28 ./source/leds.o
                0x00000838                leds_set_blue
 .text.HardFault_Handler
                0x00000860       0x30 ./source/semihost_hardfault.o
                0x00000860                HardFault_Handler
 .text.NVIC_EnableIRQ
                0x00000890       0x2c ./source/timer.o
 .text.EnableIRQ
                0x000008bc       0x2c ./source/timer.o
 .text.TPM_ClearStatusFlags
                0x000008e8       0x18 ./source/timer.o
 .text.TPM_SetTimerPeriod
                0x00000900       0x18 ./source/timer.o
 .text.TPM_StartTimer
                0x00000918       0x3a ./source/timer.o
 *fill*         0x00000952        0x2 ff
 .text.timer_init
                0x00000954       0x74 ./source/timer.o
                0x00000954                timer_init
 .text.timer_start
                0x000009c8       0x38 ./source/timer.o
                0x000009c8                timer_start
 .text.TPM1_IRQHandler
                0x00000a00       0x28 ./source/timer.o
                0x00000a00                TPM1_IRQHandler
 .text.CLOCK_SetTpmClock
                0x00000a28       0x38 ./source/tpm_pwm_twochannel.o
 .text.GPIO_TogglePinsOutput
                0x00000a60       0x18 ./source/tpm_pwm_twochannel.o
 .text.main     0x00000a78       0x80 ./source/tpm_pwm_twochannel.o
                0x00000a78                main
 .text.ws2812b_init
                0x00000af8       0x18 ./source/ws2812b.o
                0x00000af8                ws2812b_init
 .text.ws2812b_next_state
                0x00000b10       0x6a ./source/ws2812b.o
                0x00000b10                ws2812b_next_state
 .text.ws2812b_set_red
                0x00000b7a       0x22 ./source/ws2812b.o
                0x00000b7a                ws2812b_set_red
 .text.ws2812b_set_green
                0x00000b9c       0x22 ./source/ws2812b.o
                0x00000b9c                ws2812b_set_green
 .text.ws2812b_set_blue
                0x00000bbe       0x22 ./source/ws2812b.o
                0x00000bbe                ws2812b_set_blue
 .text.ws2812b_set
                0x00000be0       0xfa ./source/ws2812b.o
                0x00000be0                ws2812b_set
 *fill*         0x00000cda        0x2 ff
 .text.set_bit  0x00000cdc       0x60 ./source/ws2812b.o
 .text.reset    0x00000d3c       0x24 ./source/ws2812b.o
 .text.wait_ns  0x00000d60       0x10 ./source/ws2812b.o
 .text.set_pin  0x00000d70       0x14 ./source/ws2812b.o
 .text.CLOCK_SetEr32kClock
                0x00000d84       0x34 ./drivers/fsl_clock.o
 .text.CLOCK_SetPllFllSelClock
                0x00000db8       0x38 ./drivers/fsl_clock.o
 .text.OSC_SetExtRefClkConfig
                0x00000df0       0x3e ./drivers/fsl_clock.o
 .text.OSC_SetCapLoad
                0x00000e2e       0x42 ./drivers/fsl_clock.o
 .text.CLOCK_GetMcgExtClkFreq
                0x00000e70       0x28 ./drivers/fsl_clock.o
 .text.CLOCK_GetFllExtRefClkFreq
                0x00000e98       0xa4 ./drivers/fsl_clock.o
 .text.CLOCK_GetInternalRefClkSelectFreq
                0x00000f3c       0x40 ./drivers/fsl_clock.o
 .text.CLOCK_GetFllRefClkFreq
                0x00000f7c       0x2c ./drivers/fsl_clock.o
 .text.CLOCK_GetPll0RefFreq
                0x00000fa8       0x10 ./drivers/fsl_clock.o
 .text.CLOCK_GetOscRangeFromFreq
                0x00000fb8       0x4c ./drivers/fsl_clock.o
 .text.CLOCK_GetOsc0ErClkFreq
                0x00001004       0x3c ./drivers/fsl_clock.o
                0x00001004                CLOCK_GetOsc0ErClkFreq
 .text.CLOCK_GetEr32kClkFreq
                0x00001040       0x74 ./drivers/fsl_clock.o
                0x00001040                CLOCK_GetEr32kClkFreq
 .text.CLOCK_GetPllFllSelClkFreq
                0x000010b4       0x4c ./drivers/fsl_clock.o
                0x000010b4                CLOCK_GetPllFllSelClkFreq
 .text.CLOCK_GetFreq
                0x00001100       0xe0 ./drivers/fsl_clock.o
                0x00001100                CLOCK_GetFreq
 .text.CLOCK_SetSimConfig
                0x000011e0       0x38 ./drivers/fsl_clock.o
                0x000011e0                CLOCK_SetSimConfig
 .text.CLOCK_GetOutClkFreq
                0x00001218       0x60 ./drivers/fsl_clock.o
                0x00001218                CLOCK_GetOutClkFreq
 .text.CLOCK_GetFllFreq
                0x00001278       0x84 ./drivers/fsl_clock.o
                0x00001278                CLOCK_GetFllFreq
 .text.CLOCK_GetInternalRefClkFreq
                0x000012fc       0x28 ./drivers/fsl_clock.o
                0x000012fc                CLOCK_GetInternalRefClkFreq
 .text.CLOCK_GetFixedFreqClkFreq
                0x00001324       0x30 ./drivers/fsl_clock.o
                0x00001324                CLOCK_GetFixedFreqClkFreq
 .text.CLOCK_GetPll0Freq
                0x00001354       0x70 ./drivers/fsl_clock.o
                0x00001354                CLOCK_GetPll0Freq
 .text.CLOCK_SetExternalRefClkConfig
                0x000013c4       0x16 ./drivers/fsl_clock.o
                0x000013c4                CLOCK_SetExternalRefClkConfig
 *fill*         0x000013da        0x2 ff
 .text.CLOCK_SetInternalRefClkConfig
                0x000013dc      0x128 ./drivers/fsl_clock.o
                0x000013dc                CLOCK_SetInternalRefClkConfig
 .text.CLOCK_EnablePll0
                0x00001504       0x90 ./drivers/fsl_clock.o
                0x00001504                CLOCK_EnablePll0
 .text.CLOCK_InitOsc0
                0x00001594       0x94 ./drivers/fsl_clock.o
                0x00001594                CLOCK_InitOsc0
 .text.CLOCK_SetPbeMode
                0x00001628       0xb0 ./drivers/fsl_clock.o
                0x00001628                CLOCK_SetPbeMode
 .text.CLOCK_BootToPeeMode
                0x000016d8       0x70 ./drivers/fsl_clock.o
                0x000016d8                CLOCK_BootToPeeMode
 .text.GPIO_WritePinOutput
                0x00001748       0x34 ./drivers/fsl_gpio.o
 .text.GPIO_PinInit
                0x0000177c       0x64 ./drivers/fsl_gpio.o
                0x0000177c                GPIO_PinInit
 .text.CLOCK_EnableClock
                0x000017e0       0x34 ./drivers/fsl_lpsci.o
 .text.LPSCI_GetInstance
                0x00001814       0x48 ./drivers/fsl_lpsci.o
                0x00001814                LPSCI_GetInstance
 .text.LPSCI_Init
                0x0000185c      0x260 ./drivers/fsl_lpsci.o
                0x0000185c                LPSCI_Init
 .text.LPSCI_GetDefaultConfig
                0x00001abc       0x44 ./drivers/fsl_lpsci.o
                0x00001abc                LPSCI_GetDefaultConfig
 .text.LPSCI_GetStatusFlags
                0x00001b00       0x26 ./drivers/fsl_lpsci.o
                0x00001b00                LPSCI_GetStatusFlags
 *fill*         0x00001b26        0x2 ff
 .text.LPSCI_ClearStatusFlags
                0x00001b28       0x94 ./drivers/fsl_lpsci.o
                0x00001b28                LPSCI_ClearStatusFlags
 .text.LPSCI_WriteBlocking
                0x00001bbc       0x4c ./drivers/fsl_lpsci.o
                0x00001bbc                LPSCI_WriteBlocking
 .text.LPSCI_ReadBlocking
                0x00001c08       0xc0 ./drivers/fsl_lpsci.o
                0x00001c08                LPSCI_ReadBlocking
 .text.UART0_DriverIRQHandler
                0x00001cc8       0x24 ./drivers/fsl_lpsci.o
                0x00001cc8                UART0_DriverIRQHandler
 .text.CLOCK_EnableClock
                0x00001cec       0x34 ./drivers/fsl_tpm.o
 .text.TPM_GetInstance
                0x00001d20       0x54 ./drivers/fsl_tpm.o
 .text.TPM_Init
                0x00001d74       0xd0 ./drivers/fsl_tpm.o
                0x00001d74                TPM_Init
 .text.TPM_GetDefaultConfig
                0x00001e44       0x54 ./drivers/fsl_tpm.o
                0x00001e44                TPM_GetDefaultConfig
 .text.TPM_SetupPwm
                0x00001e98      0x1f8 ./drivers/fsl_tpm.o
                0x00001e98                TPM_SetupPwm
 .text.TPM_UpdatePwmDutycycle
                0x00002090       0xc8 ./drivers/fsl_tpm.o
                0x00002090                TPM_UpdatePwmDutycycle
 .text.TPM_EnableInterrupts
                0x00002158       0x80 ./drivers/fsl_tpm.o
                0x00002158                TPM_EnableInterrupts
 .text.CLOCK_EnableClock
                0x000021d8       0x34 ./drivers/fsl_uart.o
 .text.UART_GetInstance
                0x0000220c       0x54 ./drivers/fsl_uart.o
                0x0000220c                UART_GetInstance
 .text.UART_Init
                0x00002260      0x1e8 ./drivers/fsl_uart.o
                0x00002260                UART_Init
 .text.UART_GetDefaultConfig
                0x00002448       0x44 ./drivers/fsl_uart.o
                0x00002448                UART_GetDefaultConfig
 .text.UART_GetStatusFlags
                0x0000248c       0x26 ./drivers/fsl_uart.o
                0x0000248c                UART_GetStatusFlags
 .text.UART_WriteBlocking
                0x000024b2       0x3a ./drivers/fsl_uart.o
                0x000024b2                UART_WriteBlocking
 .text.UART_ReadBlocking
                0x000024ec       0x98 ./drivers/fsl_uart.o
                0x000024ec                UART_ReadBlocking
 .text.UART1_DriverIRQHandler
                0x00002584       0x24 ./drivers/fsl_uart.o
                0x00002584                UART1_DriverIRQHandler
 .text.UART2_DriverIRQHandler
                0x000025a8       0x24 ./drivers/fsl_uart.o
                0x000025a8                UART2_DriverIRQHandler
 .text.CLOCK_SetLpsci0Clock
                0x000025cc       0x38 ./board/board.o
 .text.BOARD_InitDebugConsole
                0x00002604       0x30 ./board/board.o
                0x00002604                BOARD_InitDebugConsole
 .text.CLOCK_SetSimSafeDivs
                0x00002634       0x20 ./board/clock_config.o
 .text.CLOCK_SetXtal0Freq
                0x00002654       0x1c ./board/clock_config.o
 .text.CLOCK_CONFIG_SetFllExtRefDiv
                0x00002670       0x3c ./board/clock_config.o
 .text.BOARD_BootClockRUN
                0x000026ac       0x64 ./board/clock_config.o
                0x000026ac                BOARD_BootClockRUN
 .text.CLOCK_EnableClock
                0x00002710       0x34 ./board/pin_mux.o
 .text.PORT_SetPinMux
                0x00002744       0x40 ./board/pin_mux.o
 .text.BOARD_InitPins
                0x00002784       0xf0 ./board/pin_mux.o
                0x00002784                BOARD_InitPins
 .text.SystemInit
                0x00002874       0x18 ./CMSIS/system_MKL25Z4.o
                0x00002874                SystemInit
 .text.__main   0x0000288c        0xc d:/nxp/mcuxpressoide_10.2.0_759/ide/tools/bin/../lib/gcc/arm-none-eabi/7.2.1/../../../../arm-none-eabi/lib/thumb/v6-m\libcr_semihost_nf.a(_cr__main.o)
                0x0000288c                __CR_SEMIHOST
                0x0000288c                __main
 .text.__assertion_failed
                0x00002898       0x4c d:/nxp/mcuxpressoide_10.2.0_759/ide/tools/bin/../lib/gcc/arm-none-eabi/7.2.1/../../../../arm-none-eabi/lib/thumb/v6-m\libcr_semihost_nf.a(_cr_assert.o)
                0x00002898                __assertion_failed
 .text.__sys_appexit
                0x000028e4        0xc d:/nxp/mcuxpressoide_10.2.0_759/ide/tools/bin/../lib/gcc/arm-none-eabi/7.2.1/../../../../arm-none-eabi/lib/thumb/v6-m\libcr_semihost_nf.a(__sys_appexit.o)
                0x000028e4                __sys_appexit
                0x000028e4                __exit
 .text.memset   0x000028f0        0x8 d:/nxp/mcuxpressoide_10.2.0_759/ide/tools/bin/../lib/gcc/arm-none-eabi/7.2.1/../../../../arm-none-eabi/lib/thumb/v6-m\libcr_c.a(memset.o)
                0x000028f0                memset
 .text._deferredlazyseek
                0x000028f8       0x40 d:/nxp/mcuxpressoide_10.2.0_759/ide/tools/bin/../lib/gcc/arm-none-eabi/7.2.1/../../../../arm-none-eabi/lib/thumb/v6-m\libcr_c.a(_deferredlazyseek.o)
                0x000028f8                _deferredlazyseek
 .text.__flsbuf
                0x00002938      0x14c d:/nxp/mcuxpressoide_10.2.0_759/ide/tools/bin/../lib/gcc/arm-none-eabi/7.2.1/../../../../arm-none-eabi/lib/thumb/v6-m\libcr_c.a(_deferredlazyseek.o)
                0x00002938                __flsbuf
 .text._fflush  0x00002a84       0x5c d:/nxp/mcuxpressoide_10.2.0_759/ide/tools/bin/../lib/gcc/arm-none-eabi/7.2.1/../../../../arm-none-eabi/lib/thumb/v6-m\libcr_c.a(_fflush.o)
                0x00002a84                _fflush
 .text._Cwritebuf
                0x00002ae0       0x68 d:/nxp/mcuxpressoide_10.2.0_759/ide/tools/bin/../lib/gcc/arm-none-eabi/7.2.1/../../../../arm-none-eabi/lib/thumb/v6-m\libcr_c.a(_writebuf.o)
                0x00002ae0                _Cwritebuf
 .text.malloc   0x00002b48       0xcc d:/nxp/mcuxpressoide_10.2.0_759/ide/tools/bin/../lib/gcc/arm-none-eabi/7.2.1/../../../../arm-none-eabi/lib/thumb/v6-m\libcr_c.a(alloc.o)
                0x00002b48                malloc
 .text.free     0x00002c14       0x2c d:/nxp/mcuxpressoide_10.2.0_759/ide/tools/bin/../lib/gcc/arm-none-eabi/7.2.1/../../../../arm-none-eabi/lib/thumb/v6-m\libcr_c.a(alloc.o)
                0x00002c14                free
 .text._Csys_alloc
                0x00002c40       0x20 d:/nxp/mcuxpressoide_10.2.0_759/ide/tools/bin/../lib/gcc/arm-none-eabi/7.2.1/../../../../arm-none-eabi/lib/thumb/v6-m\libcr_c.a(alloc.o)
                0x00002c40                _Csys_alloc
 .text.fputs    0x00002c60       0x2e d:/nxp/mcuxpressoide_10.2.0_759/ide/tools/bin/../lib/gcc/arm-none-eabi/7.2.1/../../../../arm-none-eabi/lib/thumb/v6-m\libcr_c.a(fputs.o)
                0x00002c60                fputs
 *fill*         0x00002c8e        0x2 ff
 .text.fseek    0x00002c90       0xf0 d:/nxp/mcuxpressoide_10.2.0_759/ide/tools/bin/../lib/gcc/arm-none-eabi/7.2.1/../../../../arm-none-eabi/lib/thumb/v6-m\libcr_c.a(fseek.o)
                0x00002c90                fseek
 .text.ftell    0x00002d80       0x48 d:/nxp/mcuxpressoide_10.2.0_759/ide/tools/bin/../lib/gcc/arm-none-eabi/7.2.1/../../../../arm-none-eabi/lib/thumb/v6-m\libcr_c.a(ftell.o)
                0x00002d80                ftell
 .text._initio  0x00002dc8       0x7c d:/nxp/mcuxpressoide_10.2.0_759/ide/tools/bin/../lib/gcc/arm-none-eabi/7.2.1/../../../../arm-none-eabi/lib/thumb/v6-m\libcr_c.a(initio.o)
                0x00002dc8                _initio
 .text.no_fp_display
                0x00002e44        0x4 d:/nxp/mcuxpressoide_10.2.0_759/ide/tools/bin/../lib/gcc/arm-none-eabi/7.2.1/../../../../arm-none-eabi/lib/thumb/v6-m\libcr_c.a(printf.o)
 .text.__vfprintf
                0x00002e48      0xcd4 d:/nxp/mcuxpressoide_10.2.0_759/ide/tools/bin/../lib/gcc/arm-none-eabi/7.2.1/../../../../arm-none-eabi/lib/thumb/v6-m\libcr_c.a(printf.o)
                0x00002e48                __vfprintf
 .text._vsnprintf
                0x00003b1c       0x60 d:/nxp/mcuxpressoide_10.2.0_759/ide/tools/bin/../lib/gcc/arm-none-eabi/7.2.1/../../../../arm-none-eabi/lib/thumb/v6-m\libcr_c.a(printf.o)
                0x00003b1c                _vsnprintf
 .text._printf  0x00003b7c       0x50 d:/nxp/mcuxpressoide_10.2.0_759/ide/tools/bin/../lib/gcc/arm-none-eabi/7.2.1/../../../../arm-none-eabi/lib/thumb/v6-m\libcr_c.a(printf.o)
                0x00003b7c                _printf
 .text.setvbuf  0x00003bcc       0x48 d:/nxp/mcuxpressoide_10.2.0_759/ide/tools/bin/../lib/gcc/arm-none-eabi/7.2.1/../../../../arm-none-eabi/lib/thumb/v6-m\libcr_c.a(setvbuf.o)
                0x00003bcc                setvbuf
 .text.strlen   0x00003c14       0x58 d:/nxp/mcuxpressoide_10.2.0_759/ide/tools/bin/../lib/gcc/arm-none-eabi/7.2.1/../../../../arm-none-eabi/lib/thumb/v6-m\libcr_c.a(strlen.o)
                0x00003c14                strlen
 .text._sbrk    0x00003c6c       0x40 d:/nxp/mcuxpressoide_10.2.0_759/ide/tools/bin/../lib/gcc/arm-none-eabi/7.2.1/../../../../arm-none-eabi/lib/thumb/v6-m\libcr_c.a(_cr_sbrk.o)
                0x00003c6c                _sbrk
 .text._fdopen  0x00003cac       0x74 d:/nxp/mcuxpressoide_10.2.0_759/ide/tools/bin/../lib/gcc/arm-none-eabi/7.2.1/../../../../arm-none-eabi/lib/thumb/v6-m\libcr_c.a(_fdopen.o)
                0x00003cac                _fdopen
 .text.fclose   0x00003d20       0x5c d:/nxp/mcuxpressoide_10.2.0_759/ide/tools/bin/../lib/gcc/arm-none-eabi/7.2.1/../../../../arm-none-eabi/lib/thumb/v6-m\libcr_c.a(fclose.o)
                0x00003d20                fclose
 .text.fflush   0x00003d7c       0x44 d:/nxp/mcuxpressoide_10.2.0_759/ide/tools/bin/../lib/gcc/arm-none-eabi/7.2.1/../../../../arm-none-eabi/lib/thumb/v6-m\libcr_c.a(fflush.o)
                0x00003d7c                fflush
 .text.remove   0x00003dc0       0x12 d:/nxp/mcuxpressoide_10.2.0_759/ide/tools/bin/../lib/gcc/arm-none-eabi/7.2.1/../../../../arm-none-eabi/lib/thumb/v6-m\libcr_c.a(remove.o)
                0x00003dc0                remove
 *fill*         0x00003dd2        0x2 ff
 .text.__check_heap_overflow
                0x00003dd4       0x14 d:/nxp/mcuxpressoide_10.2.0_759/ide/tools/bin/../lib/gcc/arm-none-eabi/7.2.1/../../../../arm-none-eabi/lib/thumb/v6-m\libcr_c.a(_cr_check_heap.o)
                0x00003dd4                __check_heap_overflow
 .text._do_fflush
                0x00003de8       0x44 d:/nxp/mcuxpressoide_10.2.0_759/ide/tools/bin/../lib/gcc/arm-none-eabi/7.2.1/../../../../arm-none-eabi/lib/thumb/v6-m\libcr_c.a(_do_fflush.o)
                0x00003de8                _do_fflush
 .text.__aeabi_division_idivmod
                0x00003e2c       0x78 d:/nxp/mcuxpressoide_10.2.0_759/ide/tools/bin/../lib/gcc/arm-none-eabi/7.2.1/thumb/v6-m\libcr_eabihelpers.a(division_32.o)
                0x00003e2c                __aeabi_idivmod
                0x00003e2c                __aeabi_idiv
                0x00003e32                __aeabi_uidivmod
                0x00003e32                __aeabi_uidiv
 .text.__aeabi_division_uldivmod
                0x00003ea4       0x5a d:/nxp/mcuxpressoide_10.2.0_759/ide/tools/bin/../lib/gcc/arm-none-eabi/7.2.1/thumb/v6-m\libcr_eabihelpers.a(division_64.o)
                0x00003ea4                __aeabi_uldivmod
 .text.__aeabi_division_idiv0
                0x00003efe        0x2 d:/nxp/mcuxpressoide_10.2.0_759/ide/tools/bin/../lib/gcc/arm-none-eabi/7.2.1/thumb/v6-m\libcr_eabihelpers.a(division_idiv0.o)
                0x00003efe                __aeabi_idiv0
 .text.__aeabi_llong_lmul
                0x00003f00       0x2e d:/nxp/mcuxpressoide_10.2.0_759/ide/tools/bin/../lib/gcc/arm-none-eabi/7.2.1/thumb/v6-m\libcr_eabihelpers.a(llong.o)
                0x00003f00                __aeabi_lmul
 .text.__aeabi_memset_lowlevel
                0x00003f2e       0x2a d:/nxp/mcuxpressoide_10.2.0_759/ide/tools/bin/../lib/gcc/arm-none-eabi/7.2.1/thumb/v6-m\libcr_eabihelpers.a(memcpy.o)
                0x00003f2e                __aeabi_lowlevel_memset
 .text.__sys_close
                0x00003f58        0xc d:/nxp/mcuxpressoide_10.2.0_759/ide/tools/bin/../lib/gcc/arm-none-eabi/7.2.1/../../../../arm-none-eabi/lib/thumb/v6-m\libcr_semihost_nf.a(__sys_close.o)
                0x00003f58                __sys_close
 .text.__sys_flen
                0x00003f64        0xc d:/nxp/mcuxpressoide_10.2.0_759/ide/tools/bin/../lib/gcc/arm-none-eabi/7.2.1/../../../../arm-none-eabi/lib/thumb/v6-m\libcr_semihost_nf.a(__sys_flen.o)
                0x00003f64                __sys_flen
 .text.__sys_istty
                0x00003f70        0xc d:/nxp/mcuxpressoide_10.2.0_759/ide/tools/bin/../lib/gcc/arm-none-eabi/7.2.1/../../../../arm-none-eabi/lib/thumb/v6-m\libcr_semihost_nf.a(__sys_istty.o)
                0x00003f70                __sys_istty
 .text.__sys_remove
                0x00003f7c        0xc d:/nxp/mcuxpressoide_10.2.0_759/ide/tools/bin/../lib/gcc/arm-none-eabi/7.2.1/../../../../arm-none-eabi/lib/thumb/v6-m\libcr_semihost_nf.a(__sys_remove.o)
                0x00003f7c                __sys_remove
 .text.__sys_seek
                0x00003f88        0xc d:/nxp/mcuxpressoide_10.2.0_759/ide/tools/bin/../lib/gcc/arm-none-eabi/7.2.1/../../../../arm-none-eabi/lib/thumb/v6-m\libcr_semihost_nf.a(__sys_seek.o)
                0x00003f88                __sys_seek
 .text.__sys_tmpnam
                0x00003f94        0xc d:/nxp/mcuxpressoide_10.2.0_759/ide/tools/bin/../lib/gcc/arm-none-eabi/7.2.1/../../../../arm-none-eabi/lib/thumb/v6-m\libcr_semihost_nf.a(__sys_tmpnam.o)
                0x00003f94                __sys_tmpnam
 .text.__sys_write
                0x00003fa0        0xc d:/nxp/mcuxpressoide_10.2.0_759/ide/tools/bin/../lib/gcc/arm-none-eabi/7.2.1/../../../../arm-none-eabi/lib/thumb/v6-m\libcr_semihost_nf.a(__sys_write.o)
                0x00003fa0                __sys_write
 *(.rodata .rodata.* .constdata .constdata.*)
 .rodata        0x00003fac       0x24 ./source/leds.o
 .rodata        0x00003fd0       0x19 ./source/timer.o
 *fill*         0x00003fe9        0x3 ff
 .rodata        0x00003fec        0xe ./source/ws2812b.o
 *fill*         0x00003ffa        0x2 ff
 .rodata        0x00003ffc      0x11d ./drivers/fsl_clock.o
 *fill*         0x00004119        0x3 ff
 .rodata.CLOCK_GetFreq
                0x0000411c       0x38 ./drivers/fsl_clock.o
 .rodata.fllFactorTable.5188
                0x00004154       0x10 ./drivers/fsl_clock.o
 .rodata        0x00004164       0x62 ./drivers/fsl_gpio.o
 *fill*         0x000041c6        0x2 ff
 .rodata        0x000041c8      0x48c ./drivers/fsl_lpsci.o
 .rodata.s_tpmBases
                0x00004654        0xc ./drivers/fsl_tpm.o
 .rodata.s_tpmClocks
                0x00004660        0xc ./drivers/fsl_tpm.o
 .rodata        0x0000466c      0x287 ./drivers/fsl_tpm.o
 *fill*         0x000048f3        0x1 ff
 .rodata.s_uartBases
                0x000048f4        0xc ./drivers/fsl_uart.o
 .rodata.s_uartClock
                0x00004900        0xc ./drivers/fsl_uart.o
 .rodata        0x0000490c      0x45b ./drivers/fsl_uart.o
 *fill*         0x00004d67        0x1 ff
 .rodata.mcgConfig_BOARD_BootClockRUN
                0x00004d68        0xa ./board/clock_config.o
                0x00004d68                mcgConfig_BOARD_BootClockRUN
 *fill*         0x00004d72        0x2 ff
 .rodata.simConfig_BOARD_BootClockRUN
                0x00004d74        0x8 ./board/clock_config.o
                0x00004d74                simConfig_BOARD_BootClockRUN
 .rodata.oscConfig_BOARD_BootClockRUN
                0x00004d7c        0x8 ./board/clock_config.o
                0x00004d7c                oscConfig_BOARD_BootClockRUN
 .rodata.__assertion_failed.str1.1
                0x00004d84       0x15 d:/nxp/mcuxpressoide_10.2.0_759/ide/tools/bin/../lib/gcc/arm-none-eabi/7.2.1/../../../../arm-none-eabi/lib/thumb/v6-m\libcr_semihost_nf.a(_cr_assert.o)
 *fill*         0x00004d99        0x3 ff
 .rodata.__num_Ciob_streams
                0x00004d9c        0x4 d:/nxp/mcuxpressoide_10.2.0_759/ide/tools/bin/../lib/gcc/arm-none-eabi/7.2.1/../../../../arm-none-eabi/lib/thumb/v6-m\libcr_semihost_nf.a(__ciob.o)
                0x00004d9c                __num_Ciob_streams
 .rodata._Csys_alloc.str1.1
                0x00004da0       0x18 d:/nxp/mcuxpressoide_10.2.0_759/ide/tools/bin/../lib/gcc/arm-none-eabi/7.2.1/../../../../arm-none-eabi/lib/thumb/v6-m\libcr_c.a(alloc.o)
 .rodata._initio.str1.1
                0x00004db8        0x4 d:/nxp/mcuxpressoide_10.2.0_759/ide/tools/bin/../lib/gcc/arm-none-eabi/7.2.1/../../../../arm-none-eabi/lib/thumb/v6-m\libcr_c.a(initio.o)
 .rodata.__vfprintf.str1.1
                0x00004dbc       0x35 d:/nxp/mcuxpressoide_10.2.0_759/ide/tools/bin/../lib/gcc/arm-none-eabi/7.2.1/../../../../arm-none-eabi/lib/thumb/v6-m\libcr_c.a(printf.o)
                                 0x38 (size before relaxing)
                0x00004df4                . = ALIGN (0x4)
 *fill*         0x00004df1        0x3 ff

.glue_7         0x00004df4        0x0
 .glue_7        0x00004df4        0x0 linker stubs

.glue_7t        0x00004df4        0x0
 .glue_7t       0x00004df4        0x0 linker stubs

.vfp11_veneer   0x00004df4        0x0
 .vfp11_veneer  0x00004df4        0x0 linker stubs

.v4_bx          0x00004df4        0x0
 .v4_bx         0x00004df4        0x0 linker stubs

.iplt           0x00004df4        0x0
 .iplt          0x00004df4        0x0 ./utilities/fsl_debug_console.o

.rel.dyn        0x00004df4        0x0
 .rel.iplt      0x00004df4        0x0 ./utilities/fsl_debug_console.o

.ARM.extab
 *(.ARM.extab* .gnu.linkonce.armextab.*)
                0x00004df4                __exidx_start = .

.ARM.exidx
 *(.ARM.exidx* .gnu.linkonce.armexidx.*)
                0x00004df4                __exidx_end = .
                0x00004df4                _etext = .

.m_usb_data
 *(m_usb_bdt)

.mtb_buffer_default
                0x1ffff000       0x80
 *(.mtb*)
 .mtb.$RAM1     0x1ffff000       0x80 ./source/mtb.o
                0x1ffff000                __mtb_buffer__

.uninit_RESERVED
                0x1ffff080        0x0
 *(.bss.$RESERVED*)
                0x1ffff080                . = ALIGN (0x4)
                0x1ffff080                _end_uninit_RESERVED = .

.data           0x1ffff080        0xc load address 0x00004df4
 FILL mask 0xff
                0x1ffff080                _data = .
 *(vtable)
 *(.ramfunc*)
 *(.data*)
 .data.s_slowIrcFreq
                0x1ffff080        0x4 ./drivers/fsl_clock.o
 .data.s_fastIrcFreq
                0x1ffff084        0x4 ./drivers/fsl_clock.o
 .data.SystemCoreClock
                0x1ffff088        0x4 ./CMSIS/system_MKL25Z4.o
                0x1ffff088                SystemCoreClock
                0x1ffff08c                . = ALIGN (0x4)
                0x1ffff08c                _edata = .

.igot.plt       0x1ffff08c        0x0 load address 0x00004e00
 .igot.plt      0x1ffff08c        0x0 ./utilities/fsl_debug_console.o

.bss            0x1ffff08c      0x114 load address 0x00004e00
                0x1ffff08c                _bss = .
 *(.bss*)
 .bss.s_debugConsole
                0x1ffff08c       0x10 ./utilities/fsl_debug_console.o
 .bss.tpmInfo   0x1ffff09c        0x8 ./source/leds.o
                0x1ffff09c                tpmInfo
 .bss.tpmParamRedGreen
                0x1ffff0a4        0x6 ./source/leds.o
                0x1ffff0a4                tpmParamRedGreen
 *fill*         0x1ffff0aa        0x2 
 .bss.tpmParamBlue
                0x1ffff0ac        0x6 ./source/leds.o
                0x1ffff0ac                tpmParamBlue
 .bss.current_state
                0x1ffff0b2        0x1 ./source/leds.o
                0x1ffff0b2                current_state
 .bss.tpm1IsrFlag
                0x1ffff0b3        0x1 ./source/timer.o
                0x1ffff0b3                tpm1IsrFlag
 .bss.timer_counter
                0x1ffff0b4        0x4 ./source/timer.o
                0x1ffff0b4                timer_counter
 .bss.tpm1Info  0x1ffff0b8        0x8 ./source/timer.o
                0x1ffff0b8                tpm1Info
 .bss.g_xtal0Freq
                0x1ffff0c0        0x4 ./drivers/fsl_clock.o
                0x1ffff0c0                g_xtal0Freq
 .bss.g_xtal32Freq
                0x1ffff0c4        0x4 ./drivers/fsl_clock.o
                0x1ffff0c4                g_xtal32Freq
 .bss.s_lpsciHandle
                0x1ffff0c8        0x4 ./drivers/fsl_lpsci.o
 .bss.s_lpsciIsr
                0x1ffff0cc        0x4 ./drivers/fsl_lpsci.o
 .bss.s_uartHandle
                0x1ffff0d0        0xc ./drivers/fsl_uart.o
 .bss.s_uartIsr
                0x1ffff0dc        0x4 ./drivers/fsl_uart.o
 .bss.__Ciob    0x1ffff0e0       0xb4 d:/nxp/mcuxpressoide_10.2.0_759/ide/tools/bin/../lib/gcc/arm-none-eabi/7.2.1/../../../../arm-none-eabi/lib/thumb/v6-m\libcr_semihost_nf.a(__ciob.o)
                0x1ffff0e0                __Ciob
 .bss.__end_of_heap
                0x1ffff194        0x4 d:/nxp/mcuxpressoide_10.2.0_759/ide/tools/bin/../lib/gcc/arm-none-eabi/7.2.1/../../../../arm-none-eabi/lib/thumb/v6-m\libcr_c.a(__init_alloc.o)
                0x1ffff194                __end_of_heap
 .bss.__heaps   0x1ffff198        0x4 d:/nxp/mcuxpressoide_10.2.0_759/ide/tools/bin/../lib/gcc/arm-none-eabi/7.2.1/../../../../arm-none-eabi/lib/thumb/v6-m\libcr_c.a(__init_alloc.o)
                0x1ffff198                __heaps
 .bss.errno     0x1ffff19c        0x4 d:/nxp/mcuxpressoide_10.2.0_759/ide/tools/bin/../lib/gcc/arm-none-eabi/7.2.1/../../../../arm-none-eabi/lib/thumb/v6-m\libcr_c.a(errno.o)
                0x1ffff19c                errno
 *(COMMON)
                0x1ffff1a0                . = ALIGN (0x4)
                0x1ffff1a0                _ebss = .
                [!provide]                PROVIDE (end, .)

.noinit         0x1ffff1a0        0x0 load address 0x00004e00
                0x1ffff1a0                _noinit = .
 *(.noinit*)
                0x1ffff1a0                . = ALIGN (0x4)
                0x1ffff1a0                _end_noinit = .
                0x00000400                _HeapSize = 0x400

.heap           0x1ffff1a0      0x400 load address 0x00004e00
                0x1ffff1a0                _pvHeapStart = .
                0x1ffff5a0                . = (. + _HeapSize)
 *fill*         0x1ffff1a0      0x400 
                0x1ffff5a0                . = ALIGN (0x4)
                0x1ffff5a0                _pvHeapLimit = .
                0x00000400                _StackSize = 0x400

.heap2stackfill
                0x1ffff5a0      0x400 load address 0x00004e00
                0x1ffff9a0                . = (. + _StackSize)
 *fill*         0x1ffff5a0      0x400 

.stack          0x20002c00        0x0
                0x20002c00                _vStackBase = .
                0x20002c00                . = ALIGN (0x4)
                0x20003000                _vStackTop = (. + _StackSize)
                0x00000000                _image_start = LOADADDR (.text)
                0x00004e00                _image_end = (LOADADDR (.data) + SIZEOF (.data))
                0x00004e00                _image_size = (_image_end - _image_start)
OUTPUT(frdmkl25z_color_pattern_generator.axf elf32-littlearm)

.debug_info     0x00000000     0xa316
 .debug_info    0x00000000      0x95c ./utilities/fsl_debug_console.o
 .debug_info    0x0000095c      0x497 ./startup/startup_mkl25z4.o
 .debug_info    0x00000df3      0xaec ./source/leds.o
 .debug_info    0x000018df       0x4e ./source/mtb.o
 .debug_info    0x0000192d       0x37 ./source/semihost_hardfault.o
 .debug_info    0x00001964      0xccb ./source/timer.o
 .debug_info    0x0000262f      0x7c1 ./source/tpm_pwm_twochannel.o
 .debug_info    0x00002df0      0x7b6 ./source/ws2812b.o
 .debug_info    0x000035a6     0x195e ./drivers/fsl_clock.o
 .debug_info    0x00004f04      0x52e ./drivers/fsl_gpio.o
 .debug_info    0x00005432     0x1388 ./drivers/fsl_lpsci.o
 .debug_info    0x000067ba      0xbf4 ./drivers/fsl_tpm.o
 .debug_info    0x000073ae     0x1332 ./drivers/fsl_uart.o
 .debug_info    0x000086e0      0x791 ./board/board.o
 .debug_info    0x00008e71      0xa75 ./board/clock_config.o
 .debug_info    0x000098e6      0x636 ./board/pin_mux.o
 .debug_info    0x00009f1c      0x3fa ./CMSIS/system_MKL25Z4.o

.debug_abbrev   0x00000000     0x1e6c
 .debug_abbrev  0x00000000      0x1f0 ./utilities/fsl_debug_console.o
 .debug_abbrev  0x000001f0      0x16a ./startup/startup_mkl25z4.o
 .debug_abbrev  0x0000035a      0x1c4 ./source/leds.o
 .debug_abbrev  0x0000051e       0x41 ./source/mtb.o
 .debug_abbrev  0x0000055f       0x2c ./source/semihost_hardfault.o
 .debug_abbrev  0x0000058b      0x208 ./source/timer.o
 .debug_abbrev  0x00000793      0x1cb ./source/tpm_pwm_twochannel.o
 .debug_abbrev  0x0000095e      0x1e0 ./source/ws2812b.o
 .debug_abbrev  0x00000b3e      0x326 ./drivers/fsl_clock.o
 .debug_abbrev  0x00000e64      0x193 ./drivers/fsl_gpio.o
 .debug_abbrev  0x00000ff7      0x2ca ./drivers/fsl_lpsci.o
 .debug_abbrev  0x000012c1      0x24d ./drivers/fsl_tpm.o
 .debug_abbrev  0x0000150e      0x2e2 ./drivers/fsl_uart.o
 .debug_abbrev  0x000017f0      0x182 ./board/board.o
 .debug_abbrev  0x00001972      0x1e4 ./board/clock_config.o
 .debug_abbrev  0x00001b56      0x1dd ./board/pin_mux.o
 .debug_abbrev  0x00001d33      0x139 ./CMSIS/system_MKL25Z4.o

.debug_aranges  0x00000000      0x8f0
 .debug_aranges
                0x00000000       0x48 ./utilities/fsl_debug_console.o
 .debug_aranges
                0x00000048      0x160 ./startup/startup_mkl25z4.o
 .debug_aranges
                0x000001a8       0x58 ./source/leds.o
 .debug_aranges
                0x00000200       0x18 ./source/mtb.o
 .debug_aranges
                0x00000218       0x20 ./source/semihost_hardfault.o
 .debug_aranges
                0x00000238       0x58 ./source/timer.o
 .debug_aranges
                0x00000290       0x30 ./source/tpm_pwm_twochannel.o
 .debug_aranges
                0x000002c0       0x68 ./source/ws2812b.o
 .debug_aranges
                0x00000328      0x1d8 ./drivers/fsl_clock.o
 .debug_aranges
                0x00000500       0x40 ./drivers/fsl_gpio.o
 .debug_aranges
                0x00000540      0x118 ./drivers/fsl_lpsci.o
 .debug_aranges
                0x00000658       0x88 ./drivers/fsl_tpm.o
 .debug_aranges
                0x000006e0      0x130 ./drivers/fsl_uart.o
 .debug_aranges
                0x00000810       0x28 ./board/board.o
 .debug_aranges
                0x00000838       0x58 ./board/clock_config.o
 .debug_aranges
                0x00000890       0x38 ./board/pin_mux.o
 .debug_aranges
                0x000008c8       0x28 ./CMSIS/system_MKL25Z4.o

.debug_ranges   0x00000000      0x7d8
 .debug_ranges  0x00000000       0x38 ./utilities/fsl_debug_console.o
 .debug_ranges  0x00000038      0x150 ./startup/startup_mkl25z4.o
 .debug_ranges  0x00000188       0x48 ./source/leds.o
 .debug_ranges  0x000001d0       0x10 ./source/semihost_hardfault.o
 .debug_ranges  0x000001e0       0x48 ./source/timer.o
 .debug_ranges  0x00000228       0x20 ./source/tpm_pwm_twochannel.o
 .debug_ranges  0x00000248       0x58 ./source/ws2812b.o
 .debug_ranges  0x000002a0      0x1c8 ./drivers/fsl_clock.o
 .debug_ranges  0x00000468       0x30 ./drivers/fsl_gpio.o
 .debug_ranges  0x00000498      0x108 ./drivers/fsl_lpsci.o
 .debug_ranges  0x000005a0       0x78 ./drivers/fsl_tpm.o
 .debug_ranges  0x00000618      0x120 ./drivers/fsl_uart.o
 .debug_ranges  0x00000738       0x18 ./board/board.o
 .debug_ranges  0x00000750       0x48 ./board/clock_config.o
 .debug_ranges  0x00000798       0x28 ./board/pin_mux.o
 .debug_ranges  0x000007c0       0x18 ./CMSIS/system_MKL25Z4.o

.debug_line     0x00000000     0x2d83
 .debug_line    0x00000000      0x203 ./utilities/fsl_debug_console.o
 .debug_line    0x00000203      0x128 ./startup/startup_mkl25z4.o
 .debug_line    0x0000032b      0x20e ./source/leds.o
 .debug_line    0x00000539       0x30 ./source/mtb.o
 .debug_line    0x00000569       0x54 ./source/semihost_hardfault.o
 .debug_line    0x000005bd      0x219 ./source/timer.o
 .debug_line    0x000007d6      0x1bb ./source/tpm_pwm_twochannel.o
 .debug_line    0x00000991      0x249 ./source/ws2812b.o
 .debug_line    0x00000bda      0x8c0 ./drivers/fsl_clock.o
 .debug_line    0x0000149a      0x1ad ./drivers/fsl_gpio.o
 .debug_line    0x00001647      0x673 ./drivers/fsl_lpsci.o
 .debug_line    0x00001cba      0x433 ./drivers/fsl_tpm.o
 .debug_line    0x000020ed      0x676 ./drivers/fsl_uart.o
 .debug_line    0x00002763      0x14e ./board/board.o
 .debug_line    0x000028b1      0x1f1 ./board/clock_config.o
 .debug_line    0x00002aa2      0x190 ./board/pin_mux.o
 .debug_line    0x00002c32      0x151 ./CMSIS/system_MKL25Z4.o

.debug_str      0x00000000     0x44f5
 .debug_str     0x00000000      0xb02 ./utilities/fsl_debug_console.o
                                0xb73 (size before relaxing)
 .debug_str     0x00000b02      0x394 ./startup/startup_mkl25z4.o
                                0x4d2 (size before relaxing)
 .debug_str     0x00000e96      0xa04 ./source/leds.o
                               0x1160 (size before relaxing)
 .debug_str     0x0000189a       0x1f ./source/mtb.o
                                0x15c (size before relaxing)
 .debug_str     0x000018b9       0x1f ./source/semihost_hardfault.o
                                0x15c (size before relaxing)
 .debug_str     0x000018d8      0x457 ./source/timer.o
                               0x13d6 (size before relaxing)
 .debug_str     0x00001d2f      0x145 ./source/tpm_pwm_twochannel.o
                                0x7a8 (size before relaxing)
 .debug_str     0x00001e74       0xa5 ./source/ws2812b.o
                                0xb69 (size before relaxing)
 .debug_str     0x00001f19      0xc08 ./drivers/fsl_clock.o
                               0x17fd (size before relaxing)
 .debug_str     0x00002b21      0x158 ./drivers/fsl_gpio.o
                                0x824 (size before relaxing)
 .debug_str     0x00002c79      0x962 ./drivers/fsl_lpsci.o
                               0x15c5 (size before relaxing)
 .debug_str     0x000035db      0x2ca ./drivers/fsl_tpm.o
                               0x1194 (size before relaxing)
 .debug_str     0x000038a5      0x819 ./drivers/fsl_uart.o
                               0x15d1 (size before relaxing)
 .debug_str     0x000040be       0x4c ./board/board.o
                                0x750 (size before relaxing)
 .debug_str     0x0000410a      0x237 ./board/clock_config.o
                                0xde4 (size before relaxing)
 .debug_str     0x00004341      0x165 ./board/pin_mux.o
                                0x6b9 (size before relaxing)
 .debug_str     0x000044a6       0x4f ./CMSIS/system_MKL25Z4.o
                                0x33e (size before relaxing)

.comment        0x00000000       0x7e
 .comment       0x00000000       0x7e ./utilities/fsl_debug_console.o
                                 0x7f (size before relaxing)
 .comment       0x0000007e       0x7f ./startup/startup_mkl25z4.o
 .comment       0x0000007e       0x7f ./source/leds.o
 .comment       0x0000007e       0x7f ./source/mtb.o
 .comment       0x0000007e       0x7f ./source/semihost_hardfault.o
 .comment       0x0000007e       0x7f ./source/timer.o
 .comment       0x0000007e       0x7f ./source/tpm_pwm_twochannel.o
 .comment       0x0000007e       0x7f ./source/ws2812b.o
 .comment       0x0000007e       0x7f ./drivers/fsl_clock.o
 .comment       0x0000007e       0x7f ./drivers/fsl_gpio.o
 .comment       0x0000007e       0x7f ./drivers/fsl_lpsci.o
 .comment       0x0000007e       0x7f ./drivers/fsl_tpm.o
 .comment       0x0000007e       0x7f ./drivers/fsl_uart.o
 .comment       0x0000007e       0x7f ./board/board.o
 .comment       0x0000007e       0x7f ./board/clock_config.o
 .comment       0x0000007e       0x7f ./board/pin_mux.o
 .comment       0x0000007e       0x7f ./CMSIS/system_MKL25Z4.o
 .comment       0x0000007e       0x7f d:/nxp/mcuxpressoide_10.2.0_759/ide/tools/bin/../lib/gcc/arm-none-eabi/7.2.1/../../../../arm-none-eabi/lib/thumb/v6-m\libcr_semihost_nf.a(_cr__main.o)
 .comment       0x0000007e       0x7f d:/nxp/mcuxpressoide_10.2.0_759/ide/tools/bin/../lib/gcc/arm-none-eabi/7.2.1/../../../../arm-none-eabi/lib/thumb/v6-m\libcr_semihost_nf.a(_cr_assert.o)
 .comment       0x0000007e       0x7f d:/nxp/mcuxpressoide_10.2.0_759/ide/tools/bin/../lib/gcc/arm-none-eabi/7.2.1/../../../../arm-none-eabi/lib/thumb/v6-m\libcr_semihost_nf.a(__ciob.o)
 .comment       0x0000007e       0x7f d:/nxp/mcuxpressoide_10.2.0_759/ide/tools/bin/../lib/gcc/arm-none-eabi/7.2.1/../../../../arm-none-eabi/lib/thumb/v6-m\libcr_c.a(memset.o)
 .comment       0x0000007e       0x7f d:/nxp/mcuxpressoide_10.2.0_759/ide/tools/bin/../lib/gcc/arm-none-eabi/7.2.1/../../../../arm-none-eabi/lib/thumb/v6-m\libcr_c.a(_deferredlazyseek.o)
 .comment       0x0000007e       0x7f d:/nxp/mcuxpressoide_10.2.0_759/ide/tools/bin/../lib/gcc/arm-none-eabi/7.2.1/../../../../arm-none-eabi/lib/thumb/v6-m\libcr_c.a(_fflush.o)
 .comment       0x0000007e       0x7f d:/nxp/mcuxpressoide_10.2.0_759/ide/tools/bin/../lib/gcc/arm-none-eabi/7.2.1/../../../../arm-none-eabi/lib/thumb/v6-m\libcr_c.a(_writebuf.o)
 .comment       0x0000007e       0x7f d:/nxp/mcuxpressoide_10.2.0_759/ide/tools/bin/../lib/gcc/arm-none-eabi/7.2.1/../../../../arm-none-eabi/lib/thumb/v6-m\libcr_c.a(alloc.o)
 .comment       0x0000007e       0x7f d:/nxp/mcuxpressoide_10.2.0_759/ide/tools/bin/../lib/gcc/arm-none-eabi/7.2.1/../../../../arm-none-eabi/lib/thumb/v6-m\libcr_c.a(fputs.o)
 .comment       0x0000007e       0x7f d:/nxp/mcuxpressoide_10.2.0_759/ide/tools/bin/../lib/gcc/arm-none-eabi/7.2.1/../../../../arm-none-eabi/lib/thumb/v6-m\libcr_c.a(fseek.o)
 .comment       0x0000007e       0x7f d:/nxp/mcuxpressoide_10.2.0_759/ide/tools/bin/../lib/gcc/arm-none-eabi/7.2.1/../../../../arm-none-eabi/lib/thumb/v6-m\libcr_c.a(ftell.o)
 .comment       0x0000007e       0x7f d:/nxp/mcuxpressoide_10.2.0_759/ide/tools/bin/../lib/gcc/arm-none-eabi/7.2.1/../../../../arm-none-eabi/lib/thumb/v6-m\libcr_c.a(initio.o)
 .comment       0x0000007e       0x7f d:/nxp/mcuxpressoide_10.2.0_759/ide/tools/bin/../lib/gcc/arm-none-eabi/7.2.1/../../../../arm-none-eabi/lib/thumb/v6-m\libcr_c.a(printf.o)
 .comment       0x0000007e       0x7f d:/nxp/mcuxpressoide_10.2.0_759/ide/tools/bin/../lib/gcc/arm-none-eabi/7.2.1/../../../../arm-none-eabi/lib/thumb/v6-m\libcr_c.a(setvbuf.o)
 .comment       0x0000007e       0x7f d:/nxp/mcuxpressoide_10.2.0_759/ide/tools/bin/../lib/gcc/arm-none-eabi/7.2.1/../../../../arm-none-eabi/lib/thumb/v6-m\libcr_c.a(strlen.o)
 .comment       0x0000007e       0x7f d:/nxp/mcuxpressoide_10.2.0_759/ide/tools/bin/../lib/gcc/arm-none-eabi/7.2.1/../../../../arm-none-eabi/lib/thumb/v6-m\libcr_c.a(__init_alloc.o)
 .comment       0x0000007e       0x7f d:/nxp/mcuxpressoide_10.2.0_759/ide/tools/bin/../lib/gcc/arm-none-eabi/7.2.1/../../../../arm-none-eabi/lib/thumb/v6-m\libcr_c.a(_cr_sbrk.o)
 .comment       0x0000007e       0x7f d:/nxp/mcuxpressoide_10.2.0_759/ide/tools/bin/../lib/gcc/arm-none-eabi/7.2.1/../../../../arm-none-eabi/lib/thumb/v6-m\libcr_c.a(_fdopen.o)
 .comment       0x0000007e       0x7f d:/nxp/mcuxpressoide_10.2.0_759/ide/tools/bin/../lib/gcc/arm-none-eabi/7.2.1/../../../../arm-none-eabi/lib/thumb/v6-m\libcr_c.a(errno.o)
 .comment       0x0000007e       0x7f d:/nxp/mcuxpressoide_10.2.0_759/ide/tools/bin/../lib/gcc/arm-none-eabi/7.2.1/../../../../arm-none-eabi/lib/thumb/v6-m\libcr_c.a(fclose.o)
 .comment       0x0000007e       0x7f d:/nxp/mcuxpressoide_10.2.0_759/ide/tools/bin/../lib/gcc/arm-none-eabi/7.2.1/../../../../arm-none-eabi/lib/thumb/v6-m\libcr_c.a(fflush.o)
 .comment       0x0000007e       0x7f d:/nxp/mcuxpressoide_10.2.0_759/ide/tools/bin/../lib/gcc/arm-none-eabi/7.2.1/../../../../arm-none-eabi/lib/thumb/v6-m\libcr_c.a(remove.o)
 .comment       0x0000007e       0x7f d:/nxp/mcuxpressoide_10.2.0_759/ide/tools/bin/../lib/gcc/arm-none-eabi/7.2.1/../../../../arm-none-eabi/lib/thumb/v6-m\libcr_c.a(_cr_check_heap.o)
 .comment       0x0000007e       0x7f d:/nxp/mcuxpressoide_10.2.0_759/ide/tools/bin/../lib/gcc/arm-none-eabi/7.2.1/../../../../arm-none-eabi/lib/thumb/v6-m\libcr_c.a(_do_fflush.o)

.ARM.attributes
                0x00000000       0x30
 .ARM.attributes
                0x00000000       0x32 ./utilities/fsl_debug_console.o
 .ARM.attributes
                0x00000032       0x32 ./startup/startup_mkl25z4.o
 .ARM.attributes
                0x00000064       0x32 ./source/leds.o
 .ARM.attributes
                0x00000096       0x32 ./source/mtb.o
 .ARM.attributes
                0x000000c8       0x32 ./source/semihost_hardfault.o
 .ARM.attributes
                0x000000fa       0x32 ./source/timer.o
 .ARM.attributes
                0x0000012c       0x32 ./source/tpm_pwm_twochannel.o
 .ARM.attributes
                0x0000015e       0x32 ./source/ws2812b.o
 .ARM.attributes
                0x00000190       0x32 ./drivers/fsl_clock.o
 .ARM.attributes
                0x000001c2       0x32 ./drivers/fsl_gpio.o
 .ARM.attributes
                0x000001f4       0x32 ./drivers/fsl_lpsci.o
 .ARM.attributes
                0x00000226       0x32 ./drivers/fsl_tpm.o
 .ARM.attributes
                0x00000258       0x32 ./drivers/fsl_uart.o
 .ARM.attributes
                0x0000028a       0x32 ./board/board.o
 .ARM.attributes
                0x000002bc       0x32 ./board/clock_config.o
 .ARM.attributes
                0x000002ee       0x32 ./board/pin_mux.o
 .ARM.attributes
                0x00000320       0x32 ./CMSIS/system_MKL25Z4.o
 .ARM.attributes
                0x00000352       0x31 d:/nxp/mcuxpressoide_10.2.0_759/ide/tools/bin/../lib/gcc/arm-none-eabi/7.2.1/../../../../arm-none-eabi/lib/thumb/v6-m\libcr_semihost_nf.a(_cr__main.o)
 .ARM.attributes
                0x00000383       0x31 d:/nxp/mcuxpressoide_10.2.0_759/ide/tools/bin/../lib/gcc/arm-none-eabi/7.2.1/../../../../arm-none-eabi/lib/thumb/v6-m\libcr_semihost_nf.a(_cr_assert.o)
 .ARM.attributes
                0x000003b4       0x31 d:/nxp/mcuxpressoide_10.2.0_759/ide/tools/bin/../lib/gcc/arm-none-eabi/7.2.1/../../../../arm-none-eabi/lib/thumb/v6-m\libcr_semihost_nf.a(__ciob.o)
 .ARM.attributes
                0x000003e5       0x21 d:/nxp/mcuxpressoide_10.2.0_759/ide/tools/bin/../lib/gcc/arm-none-eabi/7.2.1/../../../../arm-none-eabi/lib/thumb/v6-m\libcr_semihost_nf.a(__sys_appexit.o)
 .ARM.attributes
                0x00000406       0x31 d:/nxp/mcuxpressoide_10.2.0_759/ide/tools/bin/../lib/gcc/arm-none-eabi/7.2.1/../../../../arm-none-eabi/lib/thumb/v6-m\libcr_c.a(memset.o)
 .ARM.attributes
                0x00000437       0x31 d:/nxp/mcuxpressoide_10.2.0_759/ide/tools/bin/../lib/gcc/arm-none-eabi/7.2.1/../../../../arm-none-eabi/lib/thumb/v6-m\libcr_c.a(_deferredlazyseek.o)
 .ARM.attributes
                0x00000468       0x31 d:/nxp/mcuxpressoide_10.2.0_759/ide/tools/bin/../lib/gcc/arm-none-eabi/7.2.1/../../../../arm-none-eabi/lib/thumb/v6-m\libcr_c.a(_fflush.o)
 .ARM.attributes
                0x00000499       0x31 d:/nxp/mcuxpressoide_10.2.0_759/ide/tools/bin/../lib/gcc/arm-none-eabi/7.2.1/../../../../arm-none-eabi/lib/thumb/v6-m\libcr_c.a(_writebuf.o)
 .ARM.attributes
                0x000004ca       0x31 d:/nxp/mcuxpressoide_10.2.0_759/ide/tools/bin/../lib/gcc/arm-none-eabi/7.2.1/../../../../arm-none-eabi/lib/thumb/v6-m\libcr_c.a(alloc.o)
 .ARM.attributes
                0x000004fb       0x31 d:/nxp/mcuxpressoide_10.2.0_759/ide/tools/bin/../lib/gcc/arm-none-eabi/7.2.1/../../../../arm-none-eabi/lib/thumb/v6-m\libcr_c.a(fputs.o)
 .ARM.attributes
                0x0000052c       0x31 d:/nxp/mcuxpressoide_10.2.0_759/ide/tools/bin/../lib/gcc/arm-none-eabi/7.2.1/../../../../arm-none-eabi/lib/thumb/v6-m\libcr_c.a(fseek.o)
 .ARM.attributes
                0x0000055d       0x31 d:/nxp/mcuxpressoide_10.2.0_759/ide/tools/bin/../lib/gcc/arm-none-eabi/7.2.1/../../../../arm-none-eabi/lib/thumb/v6-m\libcr_c.a(ftell.o)
 .ARM.attributes
                0x0000058e       0x31 d:/nxp/mcuxpressoide_10.2.0_759/ide/tools/bin/../lib/gcc/arm-none-eabi/7.2.1/../../../../arm-none-eabi/lib/thumb/v6-m\libcr_c.a(initio.o)
 .ARM.attributes
                0x000005bf       0x31 d:/nxp/mcuxpressoide_10.2.0_759/ide/tools/bin/../lib/gcc/arm-none-eabi/7.2.1/../../../../arm-none-eabi/lib/thumb/v6-m\libcr_c.a(printf.o)
 .ARM.attributes
                0x000005f0       0x31 d:/nxp/mcuxpressoide_10.2.0_759/ide/tools/bin/../lib/gcc/arm-none-eabi/7.2.1/../../../../arm-none-eabi/lib/thumb/v6-m\libcr_c.a(setvbuf.o)
 .ARM.attributes
                0x00000621       0x31 d:/nxp/mcuxpressoide_10.2.0_759/ide/tools/bin/../lib/gcc/arm-none-eabi/7.2.1/../../../../arm-none-eabi/lib/thumb/v6-m\libcr_c.a(strlen.o)
 .ARM.attributes
                0x00000652       0x31 d:/nxp/mcuxpressoide_10.2.0_759/ide/tools/bin/../lib/gcc/arm-none-eabi/7.2.1/../../../../arm-none-eabi/lib/thumb/v6-m\libcr_c.a(__init_alloc.o)
 .ARM.attributes
                0x00000683       0x31 d:/nxp/mcuxpressoide_10.2.0_759/ide/tools/bin/../lib/gcc/arm-none-eabi/7.2.1/../../../../arm-none-eabi/lib/thumb/v6-m\libcr_c.a(_cr_sbrk.o)
 .ARM.attributes
                0x000006b4       0x31 d:/nxp/mcuxpressoide_10.2.0_759/ide/tools/bin/../lib/gcc/arm-none-eabi/7.2.1/../../../../arm-none-eabi/lib/thumb/v6-m\libcr_c.a(_fdopen.o)
 .ARM.attributes
                0x000006e5       0x31 d:/nxp/mcuxpressoide_10.2.0_759/ide/tools/bin/../lib/gcc/arm-none-eabi/7.2.1/../../../../arm-none-eabi/lib/thumb/v6-m\libcr_c.a(errno.o)
 .ARM.attributes
                0x00000716       0x31 d:/nxp/mcuxpressoide_10.2.0_759/ide/tools/bin/../lib/gcc/arm-none-eabi/7.2.1/../../../../arm-none-eabi/lib/thumb/v6-m\libcr_c.a(fclose.o)
 .ARM.attributes
                0x00000747       0x31 d:/nxp/mcuxpressoide_10.2.0_759/ide/tools/bin/../lib/gcc/arm-none-eabi/7.2.1/../../../../arm-none-eabi/lib/thumb/v6-m\libcr_c.a(fflush.o)
 .ARM.attributes
                0x00000778       0x31 d:/nxp/mcuxpressoide_10.2.0_759/ide/tools/bin/../lib/gcc/arm-none-eabi/7.2.1/../../../../arm-none-eabi/lib/thumb/v6-m\libcr_c.a(remove.o)
 .ARM.attributes
                0x000007a9       0x31 d:/nxp/mcuxpressoide_10.2.0_759/ide/tools/bin/../lib/gcc/arm-none-eabi/7.2.1/../../../../arm-none-eabi/lib/thumb/v6-m\libcr_c.a(_cr_check_heap.o)
 .ARM.attributes
                0x000007da       0x31 d:/nxp/mcuxpressoide_10.2.0_759/ide/tools/bin/../lib/gcc/arm-none-eabi/7.2.1/../../../../arm-none-eabi/lib/thumb/v6-m\libcr_c.a(_do_fflush.o)
 .ARM.attributes
                0x0000080b       0x21 d:/nxp/mcuxpressoide_10.2.0_759/ide/tools/bin/../lib/gcc/arm-none-eabi/7.2.1/thumb/v6-m\libcr_eabihelpers.a(division_32.o)
 .ARM.attributes
                0x0000082c       0x21 d:/nxp/mcuxpressoide_10.2.0_759/ide/tools/bin/../lib/gcc/arm-none-eabi/7.2.1/thumb/v6-m\libcr_eabihelpers.a(division_64.o)
 .ARM.attributes
                0x0000084d       0x21 d:/nxp/mcuxpressoide_10.2.0_759/ide/tools/bin/../lib/gcc/arm-none-eabi/7.2.1/thumb/v6-m\libcr_eabihelpers.a(division_idiv0.o)
 .ARM.attributes
                0x0000086e       0x21 d:/nxp/mcuxpressoide_10.2.0_759/ide/tools/bin/../lib/gcc/arm-none-eabi/7.2.1/thumb/v6-m\libcr_eabihelpers.a(llong.o)
 .ARM.attributes
                0x0000088f       0x21 d:/nxp/mcuxpressoide_10.2.0_759/ide/tools/bin/../lib/gcc/arm-none-eabi/7.2.1/thumb/v6-m\libcr_eabihelpers.a(memcpy.o)
 .ARM.attributes
                0x000008b0       0x21 d:/nxp/mcuxpressoide_10.2.0_759/ide/tools/bin/../lib/gcc/arm-none-eabi/7.2.1/../../../../arm-none-eabi/lib/thumb/v6-m\libcr_semihost_nf.a(__sys_close.o)
 .ARM.attributes
                0x000008d1       0x21 d:/nxp/mcuxpressoide_10.2.0_759/ide/tools/bin/../lib/gcc/arm-none-eabi/7.2.1/../../../../arm-none-eabi/lib/thumb/v6-m\libcr_semihost_nf.a(__sys_flen.o)
 .ARM.attributes
                0x000008f2       0x21 d:/nxp/mcuxpressoide_10.2.0_759/ide/tools/bin/../lib/gcc/arm-none-eabi/7.2.1/../../../../arm-none-eabi/lib/thumb/v6-m\libcr_semihost_nf.a(__sys_istty.o)
 .ARM.attributes
                0x00000913       0x21 d:/nxp/mcuxpressoide_10.2.0_759/ide/tools/bin/../lib/gcc/arm-none-eabi/7.2.1/../../../../arm-none-eabi/lib/thumb/v6-m\libcr_semihost_nf.a(__sys_remove.o)
 .ARM.attributes
                0x00000934       0x21 d:/nxp/mcuxpressoide_10.2.0_759/ide/tools/bin/../lib/gcc/arm-none-eabi/7.2.1/../../../../arm-none-eabi/lib/thumb/v6-m\libcr_semihost_nf.a(__sys_seek.o)
 .ARM.attributes
                0x00000955       0x21 d:/nxp/mcuxpressoide_10.2.0_759/ide/tools/bin/../lib/gcc/arm-none-eabi/7.2.1/../../../../arm-none-eabi/lib/thumb/v6-m\libcr_semihost_nf.a(__sys_tmpnam.o)
 .ARM.attributes
                0x00000976       0x21 d:/nxp/mcuxpressoide_10.2.0_759/ide/tools/bin/../lib/gcc/arm-none-eabi/7.2.1/../../../../arm-none-eabi/lib/thumb/v6-m\libcr_semihost_nf.a(__sys_write.o)

.debug_frame    0x00000000     0x1c68
 .debug_frame   0x00000000       0xcc ./utilities/fsl_debug_console.o
 .debug_frame   0x000000cc      0x3b0 ./startup/startup_mkl25z4.o
 .debug_frame   0x0000047c      0x104 ./source/leds.o
 .debug_frame   0x00000580       0x20 ./source/semihost_hardfault.o
 .debug_frame   0x000005a0      0x108 ./source/timer.o
 .debug_frame   0x000006a8       0x70 ./source/tpm_pwm_twochannel.o
 .debug_frame   0x00000718      0x148 ./source/ws2812b.o
 .debug_frame   0x00000860      0x6e0 ./drivers/fsl_clock.o
 .debug_frame   0x00000f40       0xb0 ./drivers/fsl_gpio.o
 .debug_frame   0x00000ff0      0x418 ./drivers/fsl_lpsci.o
 .debug_frame   0x00001408      0x1d0 ./drivers/fsl_tpm.o
 .debug_frame   0x000015d8      0x468 ./drivers/fsl_uart.o
 .debug_frame   0x00001a40       0x50 ./board/board.o
 .debug_frame   0x00001a90      0x100 ./board/clock_config.o
 .debug_frame   0x00001b90       0x8c ./board/pin_mux.o
 .debug_frame   0x00001c1c       0x4c ./CMSIS/system_MKL25Z4.o
