Archive member included to satisfy reference by file (symbol)

d:/nxp/mcuxpressoide_10.2.0_759/ide/tools/bin/../lib/gcc/arm-none-eabi/7.2.1/../../../../arm-none-eabi/lib/thumb/v6-m\libcr_semihost_nf.a(_cr__main.o)
                              ./startup/startup_mkl25z4.o (__main)
d:/nxp/mcuxpressoide_10.2.0_759/ide/tools/bin/../lib/gcc/arm-none-eabi/7.2.1/../../../../arm-none-eabi/lib/thumb/v6-m\libcr_semihost_nf.a(_cr_assert.o)
                              ./drivers/fsl_clock.o (__assertion_failed)
d:/nxp/mcuxpressoide_10.2.0_759/ide/tools/bin/../lib/gcc/arm-none-eabi/7.2.1/../../../../arm-none-eabi/lib/thumb/v6-m\libcr_semihost_nf.a(__ciob.o)
                              d:/nxp/mcuxpressoide_10.2.0_759/ide/tools/bin/../lib/gcc/arm-none-eabi/7.2.1/../../../../arm-none-eabi/lib/thumb/v6-m\libcr_semihost_nf.a(_cr_assert.o) (__Ciob)
d:/nxp/mcuxpressoide_10.2.0_759/ide/tools/bin/../lib/gcc/arm-none-eabi/7.2.1/../../../../arm-none-eabi/lib/thumb/v6-m\libcr_semihost_nf.a(__sys_appexit.o)
                              d:/nxp/mcuxpressoide_10.2.0_759/ide/tools/bin/../lib/gcc/arm-none-eabi/7.2.1/../../../../arm-none-eabi/lib/thumb/v6-m\libcr_semihost_nf.a(_cr_assert.o) (__sys_appexit)
d:/nxp/mcuxpressoide_10.2.0_759/ide/tools/bin/../lib/gcc/arm-none-eabi/7.2.1/../../../../arm-none-eabi/lib/thumb/v6-m\libcr_c.a(memcpy.o)
                              ./drivers/fsl_flash.o (memcpy)
d:/nxp/mcuxpressoide_10.2.0_759/ide/tools/bin/../lib/gcc/arm-none-eabi/7.2.1/../../../../arm-none-eabi/lib/thumb/v6-m\libcr_c.a(memset.o)
                              ./drivers/fsl_flash.o (memset)
d:/nxp/mcuxpressoide_10.2.0_759/ide/tools/bin/../lib/gcc/arm-none-eabi/7.2.1/../../../../arm-none-eabi/lib/thumb/v6-m\libcr_c.a(_deferredlazyseek.o)
                              d:/nxp/mcuxpressoide_10.2.0_759/ide/tools/bin/../lib/gcc/arm-none-eabi/7.2.1/../../../../arm-none-eabi/lib/thumb/v6-m\libcr_semihost_nf.a(_cr_assert.o) (__flsbuf)
d:/nxp/mcuxpressoide_10.2.0_759/ide/tools/bin/../lib/gcc/arm-none-eabi/7.2.1/../../../../arm-none-eabi/lib/thumb/v6-m\libcr_c.a(_fflush.o)
                              d:/nxp/mcuxpressoide_10.2.0_759/ide/tools/bin/../lib/gcc/arm-none-eabi/7.2.1/../../../../arm-none-eabi/lib/thumb/v6-m\libcr_c.a(_deferredlazyseek.o) (_fflush)
d:/nxp/mcuxpressoide_10.2.0_759/ide/tools/bin/../lib/gcc/arm-none-eabi/7.2.1/../../../../arm-none-eabi/lib/thumb/v6-m\libcr_c.a(_writebuf.o)
                              d:/nxp/mcuxpressoide_10.2.0_759/ide/tools/bin/../lib/gcc/arm-none-eabi/7.2.1/../../../../arm-none-eabi/lib/thumb/v6-m\libcr_c.a(_deferredlazyseek.o) (_Cwritebuf)
d:/nxp/mcuxpressoide_10.2.0_759/ide/tools/bin/../lib/gcc/arm-none-eabi/7.2.1/../../../../arm-none-eabi/lib/thumb/v6-m\libcr_c.a(alloc.o)
                              d:/nxp/mcuxpressoide_10.2.0_759/ide/tools/bin/../lib/gcc/arm-none-eabi/7.2.1/../../../../arm-none-eabi/lib/thumb/v6-m\libcr_c.a(_deferredlazyseek.o) (_Csys_alloc)
d:/nxp/mcuxpressoide_10.2.0_759/ide/tools/bin/../lib/gcc/arm-none-eabi/7.2.1/../../../../arm-none-eabi/lib/thumb/v6-m\libcr_c.a(fputs.o)
                              d:/nxp/mcuxpressoide_10.2.0_759/ide/tools/bin/../lib/gcc/arm-none-eabi/7.2.1/../../../../arm-none-eabi/lib/thumb/v6-m\libcr_semihost_nf.a(_cr_assert.o) (fputs)
d:/nxp/mcuxpressoide_10.2.0_759/ide/tools/bin/../lib/gcc/arm-none-eabi/7.2.1/../../../../arm-none-eabi/lib/thumb/v6-m\libcr_c.a(fseek.o)
                              d:/nxp/mcuxpressoide_10.2.0_759/ide/tools/bin/../lib/gcc/arm-none-eabi/7.2.1/../../../../arm-none-eabi/lib/thumb/v6-m\libcr_c.a(_deferredlazyseek.o) (fseek)
d:/nxp/mcuxpressoide_10.2.0_759/ide/tools/bin/../lib/gcc/arm-none-eabi/7.2.1/../../../../arm-none-eabi/lib/thumb/v6-m\libcr_c.a(ftell.o)
                              d:/nxp/mcuxpressoide_10.2.0_759/ide/tools/bin/../lib/gcc/arm-none-eabi/7.2.1/../../../../arm-none-eabi/lib/thumb/v6-m\libcr_c.a(fseek.o) (ftell)
d:/nxp/mcuxpressoide_10.2.0_759/ide/tools/bin/../lib/gcc/arm-none-eabi/7.2.1/../../../../arm-none-eabi/lib/thumb/v6-m\libcr_c.a(initio.o)
                              d:/nxp/mcuxpressoide_10.2.0_759/ide/tools/bin/../lib/gcc/arm-none-eabi/7.2.1/../../../../arm-none-eabi/lib/thumb/v6-m\libcr_semihost_nf.a(_cr__main.o) (_initio)
d:/nxp/mcuxpressoide_10.2.0_759/ide/tools/bin/../lib/gcc/arm-none-eabi/7.2.1/../../../../arm-none-eabi/lib/thumb/v6-m\libcr_c.a(printf.o)
                              ./source/tpm_pwm_twochannel.o (_printf)
d:/nxp/mcuxpressoide_10.2.0_759/ide/tools/bin/../lib/gcc/arm-none-eabi/7.2.1/../../../../arm-none-eabi/lib/thumb/v6-m\libcr_c.a(setvbuf.o)
                              d:/nxp/mcuxpressoide_10.2.0_759/ide/tools/bin/../lib/gcc/arm-none-eabi/7.2.1/../../../../arm-none-eabi/lib/thumb/v6-m\libcr_c.a(initio.o) (setvbuf)
d:/nxp/mcuxpressoide_10.2.0_759/ide/tools/bin/../lib/gcc/arm-none-eabi/7.2.1/../../../../arm-none-eabi/lib/thumb/v6-m\libcr_c.a(strlen.o)
[...]
Memory Configuration

Name             Origin             Length             Attributes
PROGRAM_FLASH    0x00000000         0x00020000         xr
SRAM             0x1ffff000         0x00004000         xrw
*default*        0x00000000         0xffffffff

Linker script and memory map

LOAD ./utilities/fsl_debug_console.o
LOAD ./startup/startup_mkl25z4.o
LOAD ./source/mtb.o
LOAD ./source/semihost_hardfault.o
LOAD ./source/tpm_pwm_twochannel.o
LOAD ./drivers/fsl_clock.o
LOAD ./drivers/fsl_common.o
LOAD ./drivers/fsl_flash.o
LOAD ./drivers/fsl_gpio.o
LOAD ./drivers/fsl_lpsci.o
LOAD ./drivers/fsl_smc.o
LOAD ./drivers/fsl_tpm.o
LOAD ./drivers/fsl_uart.o
LOAD ./board/board.o
LOAD ./board/clock_config.o
LOAD ./board/peripherals.o
LOAD ./board/pin_mux.o
LOAD ./CMSIS/system_MKL25Z4.o
START GROUP
LOAD d:/nxp/mcuxpressoide_10.2.0_759/ide/tools/bin/../lib/gcc/arm-none-eabi/7.2.1/../../../../arm-none-eabi/lib/thumb/v6-m\libcr_semihost_nf.a
LOAD d:/nxp/mcuxpressoide_10.2.0_759/ide/tools/bin/../lib/gcc/arm-none-eabi/7.2.1/../../../../arm-none-eabi/lib/thumb/v6-m\libcr_c.a
LOAD d:/nxp/mcuxpressoide_10.2.0_759/ide/tools/bin/../lib/gcc/arm-none-eabi/7.2.1/thumb/v6-m\libcr_eabihelpers.a
END GROUP
                0x00000000                __base_PROGRAM_FLASH = 0x0
                0x00000000                __base_Flash = 0x0
                0x00020000                __top_PROGRAM_FLASH = 0x20000
                0x00020000                __top_Flash = 0x20000
                0x1ffff000                __base_SRAM = 0x1ffff000
                0x1ffff000                __base_RAM = 0x1ffff000
                0x20003000                __top_SRAM = 0x20003000
                0x20003000                __top_RAM = 0x20003000

.text           0x00000000     0x47d0
 FILL mask 0xff
                0x00000000                __vectors_start__ = ABSOLUTE (.)
 *(.isr_vector)
 .isr_vector    0x00000000       0xc0 ./startup/startup_mkl25z4.o
                0x00000000                g_pfnVectors
                0x00000000                __Vectors
                0x000000c0                . = ALIGN (0x4)
                0x000000c0                __section_table_start = .
                0x000000c0                __data_section_table = .
                0x000000c0        0x4 LONG 0x47d0 LOADADDR (.data)
                0x000000c4        0x4 LONG 0x1ffff080 ADDR (.data)
                0x000000c8        0x4 LONG 0x10 SIZEOF (.data)
                0x000000cc                __data_section_table_end = .
                0x000000cc                __bss_section_table = .
                0x000000cc        0x4 LONG 0x1ffff090 ADDR (.bss)
                0x000000d0        0x4 LONG 0xf0 SIZEOF (.bss)
                0x000000d4                __bss_section_table_end = .
                0x000000d4                __section_table_end = .
 *(.after_vectors*)
 .after_vectors.init_data
                0x000000d4       0x16 ./startup/startup_mkl25z4.o
                0x000000d4                data_init
 .after_vectors.init_bss
                0x000000ea       0x12 ./startup/startup_mkl25z4.o
                0x000000ea                bss_init
 .after_vectors.reset
                0x000000fc       0x4c ./startup/startup_mkl25z4.o
                0x000000fc                ResetISR
 .after_vectors
                0x00000148      0x10c ./startup/startup_mkl25z4.o
                0x00000148                NMI_Handler
                0x0000014c                SVC_Handler
                0x0000014e                PendSV_Handler
                0x00000150                SysTick_Handler
                0x00000152                LPTMR0_DriverIRQHandler
                0x00000152                Reserved39_DriverIRQHandler
                0x00000152                DMA0_DriverIRQHandler
                0x00000152                SPI1_DriverIRQHandler
                0x00000152                I2C0_DriverIRQHandler
                0x00000152                PORTD_DriverIRQHandler
                0x00000152                DMA2_DriverIRQHandler
                0x00000152                CMP0_DriverIRQHandler
                0x00000152                TPM2_DriverIRQHandler
                0x00000152                ADC0_DriverIRQHandler
                0x00000152                SPI0_DriverIRQHandler
                0x00000152                TSI0_DriverIRQHandler
                0x00000152                RTC_Seconds_DriverIRQHandler
                0x00000152                I2C1_DriverIRQHandler
                0x00000152                DMA1_DriverIRQHandler
                0x00000152                LLWU_DriverIRQHandler
                0x00000152                MCG_DriverIRQHandler
                0x00000152                PIT_DriverIRQHandler
                0x00000152                RTC_DriverIRQHandler
                0x00000152                TPM1_DriverIRQHandler
                0x00000152                FTFA_DriverIRQHandler
                0x00000152                IntDefaultHandler
                0x00000152                USB0_DriverIRQHandler
                0x00000152                DAC0_DriverIRQHandler
                0x00000152                PORTA_DriverIRQHandler
                0x00000152                LVD_LVW_DriverIRQHandler
                0x00000152                TPM0_DriverIRQHandler
                0x00000152                Reserved45_DriverIRQHandler
                0x00000152                DMA3_DriverIRQHandler
                0x00000152                Reserved20_DriverIRQHandler
                0x00000154                DMA0_IRQHandler
                0x0000015c                DMA1_IRQHandler
                0x00000164                DMA2_IRQHandler
                0x0000016c                DMA3_IRQHandler
                0x00000174                Reserved20_IRQHandler
                0x0000017c                FTFA_IRQHandler
                0x00000184                LVD_LVW_IRQHandler
                0x0000018c                LLWU_IRQHandler
                0x00000194                I2C0_IRQHandler
                0x0000019c                I2C1_IRQHandler
                0x000001a4                SPI0_IRQHandler
                0x000001ac                SPI1_IRQHandler
                0x000001b4                UART0_IRQHandler
                0x000001bc                UART1_IRQHandler
                0x000001c4                UART2_IRQHandler
                0x000001cc                ADC0_IRQHandler
                0x000001d4                CMP0_IRQHandler
                0x000001dc                TPM0_IRQHandler
                0x000001e4                TPM1_IRQHandler
                0x000001ec                TPM2_IRQHandler
                0x000001f4                RTC_IRQHandler
                0x000001fc                RTC_Seconds_IRQHandler
                0x00000204                PIT_IRQHandler
                0x0000020c                Reserved39_IRQHandler
                0x00000214                USB0_IRQHandler
                0x0000021c                DAC0_IRQHandler
                0x00000224                TSI0_IRQHandler
                0x0000022c                MCG_IRQHandler
                0x00000234                LPTMR0_IRQHandler
                0x0000023c                Reserved45_IRQHandler
                0x00000244                PORTA_IRQHandler
                0x0000024c                PORTD_IRQHandler
                0x00000400                . = 0x400
 *fill*         0x00000254      0x1ac ff
                0x00000400                PROVIDE (__FLASH_CONFIG_START__, .)
 *(.FlashConfig)
 .FlashConfig   0x00000400       0x10 ./startup/startup_mkl25z4.o
                0x00000400                Flash_Config
                0x00000410                PROVIDE (__FLASH_CONFIG_END__, .)
                0x00000001                ASSERT (! ((__FLASH_CONFIG_START__ == __FLASH_CONFIG_END__)), Linker Flash Config Support Enabled, but no .FlashConfig section provided within application)
 *(.text*)
 .text.UART_EnableTx
                0x00000410       0x40 ./utilities/fsl_debug_console.o
 .text.UART_EnableRx
                0x00000450       0x40 ./utilities/fsl_debug_console.o
 .text.LPSCI_EnableTx
                0x00000490       0x40 ./utilities/fsl_debug_console.o
 .text.LPSCI_EnableRx
                0x000004d0       0x40 ./utilities/fsl_debug_console.o
 .text.DbgConsole_Init
                0x00000510       0xf4 ./utilities/fsl_debug_console.o
                0x00000510                DbgConsole_Init
 .text.HardFault_Handler
                0x00000604       0x30 ./source/semihost_hardfault.o
                0x00000604                HardFault_Handler
 .text.CLOCK_SetTpmClock
                0x00000634       0x38 ./source/tpm_pwm_twochannel.o
 .text.TPM_StartTimer
                0x0000066c       0x3a ./source/tpm_pwm_twochannel.o
 *fill*         0x000006a6        0x2 ff
 .text.delay    0x000006a8       0x38 ./source/tpm_pwm_twochannel.o
                0x000006a8                delay
 .text.main     0x000006e0      0x1ec ./source/tpm_pwm_twochannel.o
                0x000006e0                main
 .text.CLOCK_SetEr32kClock
                0x000008cc       0x34 ./drivers/fsl_clock.o
 .text.CLOCK_SetPllFllSelClock
                0x00000900       0x38 ./drivers/fsl_clock.o
 .text.OSC_SetExtRefClkConfig
                0x00000938       0x3e ./drivers/fsl_clock.o
 .text.OSC_SetCapLoad
                0x00000976       0x42 ./drivers/fsl_clock.o
 .text.CLOCK_GetMcgExtClkFreq
                0x000009b8       0x28 ./drivers/fsl_clock.o
 .text.CLOCK_GetFllExtRefClkFreq
                0x000009e0       0xa4 ./drivers/fsl_clock.o
 .text.CLOCK_GetInternalRefClkSelectFreq
                0x00000a84       0x40 ./drivers/fsl_clock.o
 .text.CLOCK_GetFllRefClkFreq
                0x00000ac4       0x2c ./drivers/fsl_clock.o
 .text.CLOCK_GetPll0RefFreq
                0x00000af0       0x10 ./drivers/fsl_clock.o
 .text.CLOCK_GetOscRangeFromFreq
                0x00000b00       0x4c ./drivers/fsl_clock.o
 .text.CLOCK_GetOsc0ErClkFreq
                0x00000b4c       0x3c ./drivers/fsl_clock.o
                0x00000b4c                CLOCK_GetOsc0ErClkFreq
 .text.CLOCK_GetEr32kClkFreq
                0x00000b88       0x74 ./drivers/fsl_clock.o
                0x00000b88                CLOCK_GetEr32kClkFreq
 .text.CLOCK_GetPllFllSelClkFreq
                0x00000bfc       0x4c ./drivers/fsl_clock.o
                0x00000bfc                CLOCK_GetPllFllSelClkFreq
 .text.CLOCK_GetFreq
                0x00000c48       0xe0 ./drivers/fsl_clock.o
                0x00000c48                CLOCK_GetFreq
 .text.CLOCK_SetSimConfig
                0x00000d28       0x38 ./drivers/fsl_clock.o
                0x00000d28                CLOCK_SetSimConfig
 .text.CLOCK_GetOutClkFreq
                0x00000d60       0x60 ./drivers/fsl_clock.o
                0x00000d60                CLOCK_GetOutClkFreq
 .text.CLOCK_GetFllFreq
                0x00000dc0       0x84 ./drivers/fsl_clock.o
                0x00000dc0                CLOCK_GetFllFreq
 .text.CLOCK_GetInternalRefClkFreq
                0x00000e44       0x28 ./drivers/fsl_clock.o
                0x00000e44                CLOCK_GetInternalRefClkFreq
 .text.CLOCK_GetFixedFreqClkFreq
                0x00000e6c       0x30 ./drivers/fsl_clock.o
                0x00000e6c                CLOCK_GetFixedFreqClkFreq
 .text.CLOCK_GetPll0Freq
                0x00000e9c       0x70 ./drivers/fsl_clock.o
                0x00000e9c                CLOCK_GetPll0Freq
 .text.CLOCK_SetExternalRefClkConfig
                0x00000f0c       0x16 ./drivers/fsl_clock.o
                0x00000f0c                CLOCK_SetExternalRefClkConfig
 *fill*         0x00000f22        0x2 ff
 .text.CLOCK_SetInternalRefClkConfig
                0x00000f24      0x128 ./drivers/fsl_clock.o
                0x00000f24                CLOCK_SetInternalRefClkConfig
 .text.CLOCK_EnablePll0
                0x0000104c       0x90 ./drivers/fsl_clock.o
                0x0000104c                CLOCK_EnablePll0
 .text.CLOCK_InitOsc0
                0x000010dc       0x94 ./drivers/fsl_clock.o
                0x000010dc                CLOCK_InitOsc0
 .text.CLOCK_SetPbeMode
                0x00001170       0xb0 ./drivers/fsl_clock.o
                0x00001170                CLOCK_SetPbeMode
 .text.CLOCK_BootToPeeMode
                0x00001220       0x70 ./drivers/fsl_clock.o
                0x00001220                CLOCK_BootToPeeMode
 .text.CLOCK_EnableClock
                0x00001290       0x34 ./drivers/fsl_lpsci.o
 .text.LPSCI_GetInstance
                0x000012c4       0x48 ./drivers/fsl_lpsci.o
                0x000012c4                LPSCI_GetInstance
 .text.LPSCI_Init
                0x0000130c      0x260 ./drivers/fsl_lpsci.o
                0x0000130c                LPSCI_Init
 .text.LPSCI_GetDefaultConfig
                0x0000156c       0x44 ./drivers/fsl_lpsci.o
                0x0000156c                LPSCI_GetDefaultConfig
 .text.LPSCI_GetStatusFlags
                0x000015b0       0x26 ./drivers/fsl_lpsci.o
                0x000015b0                LPSCI_GetStatusFlags
 *fill*         0x000015d6        0x2 ff
 .text.LPSCI_ClearStatusFlags
                0x000015d8       0x94 ./drivers/fsl_lpsci.o
                0x000015d8                LPSCI_ClearStatusFlags
 .text.LPSCI_WriteBlocking
                0x0000166c       0x4c ./drivers/fsl_lpsci.o
                0x0000166c                LPSCI_WriteBlocking
 .text.LPSCI_ReadBlocking
                0x000016b8       0xc0 ./drivers/fsl_lpsci.o
                0x000016b8                LPSCI_ReadBlocking
 .text.UART0_DriverIRQHandler
                0x00001778       0x24 ./drivers/fsl_lpsci.o
                0x00001778                UART0_DriverIRQHandler
 .text.CLOCK_EnableClock
                0x0000179c       0x34 ./drivers/fsl_tpm.o
 .text.TPM_GetInstance
                0x000017d0       0x54 ./drivers/fsl_tpm.o
 .text.TPM_Init
                0x00001824       0xd0 ./drivers/fsl_tpm.o
                0x00001824                TPM_Init
 .text.TPM_GetDefaultConfig
                0x000018f4       0x54 ./drivers/fsl_tpm.o
                0x000018f4                TPM_GetDefaultConfig
 .text.TPM_SetupPwm
                0x00001948      0x1f8 ./drivers/fsl_tpm.o
                0x00001948                TPM_SetupPwm
 .text.TPM_UpdatePwmDutycycle
                0x00001b40       0xc8 ./drivers/fsl_tpm.o
                0x00001b40                TPM_UpdatePwmDutycycle
 .text.CLOCK_EnableClock
                0x00001c08       0x34 ./drivers/fsl_uart.o
 .text.UART_GetInstance
                0x00001c3c       0x54 ./drivers/fsl_uart.o
                0x00001c3c                UART_GetInstance
 .text.UART_Init
                0x00001c90      0x1e8 ./drivers/fsl_uart.o
                0x00001c90                UART_Init
 .text.UART_GetDefaultConfig
                0x00001e78       0x44 ./drivers/fsl_uart.o
                0x00001e78                UART_GetDefaultConfig
 .text.UART_GetStatusFlags
                0x00001ebc       0x26 ./drivers/fsl_uart.o
                0x00001ebc                UART_GetStatusFlags
 .text.UART_WriteBlocking
                0x00001ee2       0x3a ./drivers/fsl_uart.o
                0x00001ee2                UART_WriteBlocking
 .text.UART_ReadBlocking
                0x00001f1c       0x98 ./drivers/fsl_uart.o
                0x00001f1c                UART_ReadBlocking
 .text.UART1_DriverIRQHandler
                0x00001fb4       0x24 ./drivers/fsl_uart.o
                0x00001fb4                UART1_DriverIRQHandler
 .text.UART2_DriverIRQHandler
                0x00001fd8       0x24 ./drivers/fsl_uart.o
                0x00001fd8                UART2_DriverIRQHandler
 .text.CLOCK_SetLpsci0Clock
                0x00001ffc       0x38 ./board/board.o
 .text.BOARD_InitDebugConsole
                0x00002034       0x30 ./board/board.o
                0x00002034                BOARD_InitDebugConsole
 .text.CLOCK_SetSimSafeDivs
                0x00002064       0x20 ./board/clock_config.o
 .text.CLOCK_SetXtal0Freq
                0x00002084       0x1c ./board/clock_config.o
 .text.CLOCK_CONFIG_SetFllExtRefDiv
                0x000020a0       0x3c ./board/clock_config.o
 .text.BOARD_BootClockRUN
                0x000020dc       0x64 ./board/clock_config.o
                0x000020dc                BOARD_BootClockRUN
 .text.CLOCK_EnableClock
                0x00002140       0x34 ./board/pin_mux.o
 .text.PORT_SetPinMux
                0x00002174       0x40 ./board/pin_mux.o
 .text.BOARD_InitPins
                0x000021b4       0xa8 ./board/pin_mux.o
                0x000021b4                BOARD_InitPins
 .text.SystemInit
                0x0000225c       0x18 ./CMSIS/system_MKL25Z4.o
                0x0000225c                SystemInit
 .text.__main   0x00002274        0xc d:/nxp/mcuxpressoide_10.2.0_759/ide/tools/bin/../lib/gcc/arm-none-eabi/7.2.1/../../../../arm-none-eabi/lib/thumb/v6-m\libcr_semihost_nf.a(_cr__main.o)
                0x00002274                __CR_SEMIHOST
                0x00002274                __main
 .text.__assertion_failed
                0x00002280       0x4c d:/nxp/mcuxpressoide_10.2.0_759/ide/tools/bin/../lib/gcc/arm-none-eabi/7.2.1/../../../../arm-none-eabi/lib/thumb/v6-m\libcr_semihost_nf.a(_cr_assert.o)
                0x00002280                __assertion_failed
 .text.__sys_appexit
                0x000022cc        0xc d:/nxp/mcuxpressoide_10.2.0_759/ide/tools/bin/../lib/gcc/arm-none-eabi/7.2.1/../../../../arm-none-eabi/lib/thumb/v6-m\libcr_semihost_nf.a(__sys_appexit.o)
                0x000022cc                __sys_appexit
                0x000022cc                __exit
 .text.memset   0x000022d8        0x8 d:/nxp/mcuxpressoide_10.2.0_759/ide/tools/bin/../lib/gcc/arm-none-eabi/7.2.1/../../../../arm-none-eabi/lib/thumb/v6-m\libcr_c.a(memset.o)
                0x000022d8                memset
 .text._deferredlazyseek
                0x000022e0       0x40 d:/nxp/mcuxpressoide_10.2.0_759/ide/tools/bin/../lib/gcc/arm-none-eabi/7.2.1/../../../../arm-none-eabi/lib/thumb/v6-m\libcr_c.a(_deferredlazyseek.o)
                0x000022e0                _deferredlazyseek
 .text.__flsbuf
                0x00002320      0x14c d:/nxp/mcuxpressoide_10.2.0_759/ide/tools/bin/../lib/gcc/arm-none-eabi/7.2.1/../../../../arm-none-eabi/lib/thumb/v6-m\libcr_c.a(_deferredlazyseek.o)
                0x00002320                __flsbuf
 .text._fflush  0x0000246c       0x5c d:/nxp/mcuxpressoide_10.2.0_759/ide/tools/bin/../lib/gcc/arm-none-eabi/7.2.1/../../../../arm-none-eabi/lib/thumb/v6-m\libcr_c.a(_fflush.o)
                0x0000246c                _fflush
 .text._Cwritebuf
                0x000024c8       0x68 d:/nxp/mcuxpressoide_10.2.0_759/ide/tools/bin/../lib/gcc/arm-none-eabi/7.2.1/../../../../arm-none-eabi/lib/thumb/v6-m\libcr_c.a(_writebuf.o)
                0x000024c8                _Cwritebuf
 .text.malloc   0x00002530       0xcc d:/nxp/mcuxpressoide_10.2.0_759/ide/tools/bin/../lib/gcc/arm-none-eabi/7.2.1/../../../../arm-none-eabi/lib/thumb/v6-m\libcr_c.a(alloc.o)
                0x00002530                malloc
 .text.free     0x000025fc       0x2c d:/nxp/mcuxpressoide_10.2.0_759/ide/tools/bin/../lib/gcc/arm-none-eabi/7.2.1/../../../../arm-none-eabi/lib/thumb/v6-m\libcr_c.a(alloc.o)
                0x000025fc                free
 .text._Csys_alloc
                0x00002628       0x20 d:/nxp/mcuxpressoide_10.2.0_759/ide/tools/bin/../lib/gcc/arm-none-eabi/7.2.1/../../../../arm-none-eabi/lib/thumb/v6-m\libcr_c.a(alloc.o)
                0x00002628                _Csys_alloc
 .text.fputs    0x00002648       0x2e d:/nxp/mcuxpressoide_10.2.0_759/ide/tools/bin/../lib/gcc/arm-none-eabi/7.2.1/../../../../arm-none-eabi/lib/thumb/v6-m\libcr_c.a(fputs.o)
                0x00002648                fputs
 *fill*         0x00002676        0x2 ff
 .text.fseek    0x00002678       0xf0 d:/nxp/mcuxpressoide_10.2.0_759/ide/tools/bin/../lib/gcc/arm-none-eabi/7.2.1/../../../../arm-none-eabi/lib/thumb/v6-m\libcr_c.a(fseek.o)
                0x00002678                fseek
 .text.ftell    0x00002768       0x48 d:/nxp/mcuxpressoide_10.2.0_759/ide/tools/bin/../lib/gcc/arm-none-eabi/7.2.1/../../../../arm-none-eabi/lib/thumb/v6-m\libcr_c.a(ftell.o)
                0x00002768                ftell
 .text._initio  0x000027b0       0x7c d:/nxp/mcuxpressoide_10.2.0_759/ide/tools/bin/../lib/gcc/arm-none-eabi/7.2.1/../../../../arm-none-eabi/lib/thumb/v6-m\libcr_c.a(initio.o)
                0x000027b0                _initio
 .text.no_fp_display
                0x0000282c        0x4 d:/nxp/mcuxpressoide_10.2.0_759/ide/tools/bin/../lib/gcc/arm-none-eabi/7.2.1/../../../../arm-none-eabi/lib/thumb/v6-m\libcr_c.a(printf.o)
 .text.__vfprintf
                0x00002830      0xcd4 d:/nxp/mcuxpressoide_10.2.0_759/ide/tools/bin/../lib/gcc/arm-none-eabi/7.2.1/../../../../arm-none-eabi/lib/thumb/v6-m\libcr_c.a(printf.o)
                0x00002830                __vfprintf
 .text._vsnprintf
                0x00003504       0x60 d:/nxp/mcuxpressoide_10.2.0_759/ide/tools/bin/../lib/gcc/arm-none-eabi/7.2.1/../../../../arm-none-eabi/lib/thumb/v6-m\libcr_c.a(printf.o)
                0x00003504                _vsnprintf
 .text._printf  0x00003564       0x50 d:/nxp/mcuxpressoide_10.2.0_759/ide/tools/bin/../lib/gcc/arm-none-eabi/7.2.1/../../../../arm-none-eabi/lib/thumb/v6-m\libcr_c.a(printf.o)
                0x00003564                _printf
 .text.setvbuf  0x000035b4       0x48 d:/nxp/mcuxpressoide_10.2.0_759/ide/tools/bin/../lib/gcc/arm-none-eabi/7.2.1/../../../../arm-none-eabi/lib/thumb/v6-m\libcr_c.a(setvbuf.o)
                0x000035b4                setvbuf
 .text.strlen   0x000035fc       0x58 d:/nxp/mcuxpressoide_10.2.0_759/ide/tools/bin/../lib/gcc/arm-none-eabi/7.2.1/../../../../arm-none-eabi/lib/thumb/v6-m\libcr_c.a(strlen.o)
                0x000035fc                strlen
 .text._sbrk    0x00003654       0x40 d:/nxp/mcuxpressoide_10.2.0_759/ide/tools/bin/../lib/gcc/arm-none-eabi/7.2.1/../../../../arm-none-eabi/lib/thumb/v6-m\libcr_c.a(_cr_sbrk.o)
                0x00003654                _sbrk
 .text._fdopen  0x00003694       0x74 d:/nxp/mcuxpressoide_10.2.0_759/ide/tools/bin/../lib/gcc/arm-none-eabi/7.2.1/../../../../arm-none-eabi/lib/thumb/v6-m\libcr_c.a(_fdopen.o)
                0x00003694                _fdopen
 .text.fclose   0x00003708       0x5c d:/nxp/mcuxpressoide_10.2.0_759/ide/tools/bin/../lib/gcc/arm-none-eabi/7.2.1/../../../../arm-none-eabi/lib/thumb/v6-m\libcr_c.a(fclose.o)
                0x00003708                fclose
 .text.fflush   0x00003764       0x44 d:/nxp/mcuxpressoide_10.2.0_759/ide/tools/bin/../lib/gcc/arm-none-eabi/7.2.1/../../../../arm-none-eabi/lib/thumb/v6-m\libcr_c.a(fflush.o)
                0x00003764                fflush
 .text.remove   0x000037a8       0x12 d:/nxp/mcuxpressoide_10.2.0_759/ide/tools/bin/../lib/gcc/arm-none-eabi/7.2.1/../../../../arm-none-eabi/lib/thumb/v6-m\libcr_c.a(remove.o)
                0x000037a8                remove
 *fill*         0x000037ba        0x2 ff
 .text.__check_heap_overflow
                0x000037bc       0x14 d:/nxp/mcuxpressoide_10.2.0_759/ide/tools/bin/../lib/gcc/arm-none-eabi/7.2.1/../../../../arm-none-eabi/lib/thumb/v6-m\libcr_c.a(_cr_check_heap.o)
                0x000037bc                __check_heap_overflow
 .text._do_fflush
                0x000037d0       0x44 d:/nxp/mcuxpressoide_10.2.0_759/ide/tools/bin/../lib/gcc/arm-none-eabi/7.2.1/../../../../arm-none-eabi/lib/thumb/v6-m\libcr_c.a(_do_fflush.o)
                0x000037d0                _do_fflush
 .text.__aeabi_division_idivmod
                0x00003814       0x78 d:/nxp/mcuxpressoide_10.2.0_759/ide/tools/bin/../lib/gcc/arm-none-eabi/7.2.1/thumb/v6-m\libcr_eabihelpers.a(division_32.o)
                0x00003814                __aeabi_idivmod
                0x00003814                __aeabi_idiv
                0x0000381a                __aeabi_uidivmod
                0x0000381a                __aeabi_uidiv
 .text.__aeabi_division_idiv0
                0x0000388c        0x2 d:/nxp/mcuxpressoide_10.2.0_759/ide/tools/bin/../lib/gcc/arm-none-eabi/7.2.1/thumb/v6-m\libcr_eabihelpers.a(division_idiv0.o)
                0x0000388c                __aeabi_idiv0
 .text.__aeabi_llong_lmul
                0x0000388e       0x2e d:/nxp/mcuxpressoide_10.2.0_759/ide/tools/bin/../lib/gcc/arm-none-eabi/7.2.1/thumb/v6-m\libcr_eabihelpers.a(llong.o)
                0x0000388e                __aeabi_lmul
 .text.__aeabi_memset_lowlevel
                0x000038bc       0x2a d:/nxp/mcuxpressoide_10.2.0_759/ide/tools/bin/../lib/gcc/arm-none-eabi/7.2.1/thumb/v6-m\libcr_eabihelpers.a(memcpy.o)
                0x000038bc                __aeabi_lowlevel_memset
 .text.__sys_close
                0x000038e6        0xc d:/nxp/mcuxpressoide_10.2.0_759/ide/tools/bin/../lib/gcc/arm-none-eabi/7.2.1/../../../../arm-none-eabi/lib/thumb/v6-m\libcr_semihost_nf.a(__sys_close.o)
                0x000038e6                __sys_close
 .text.__sys_flen
                0x000038f2        0xc d:/nxp/mcuxpressoide_10.2.0_759/ide/tools/bin/../lib/gcc/arm-none-eabi/7.2.1/../../../../arm-none-eabi/lib/thumb/v6-m\libcr_semihost_nf.a(__sys_flen.o)
                0x000038f2                __sys_flen
 .text.__sys_istty
                0x000038fe        0xc d:/nxp/mcuxpressoide_10.2.0_759/ide/tools/bin/../lib/gcc/arm-none-eabi/7.2.1/../../../../arm-none-eabi/lib/thumb/v6-m\libcr_semihost_nf.a(__sys_istty.o)
                0x000038fe                __sys_istty
 .text.__sys_remove
                0x0000390a        0xc d:/nxp/mcuxpressoide_10.2.0_759/ide/tools/bin/../lib/gcc/arm-none-eabi/7.2.1/../../../../arm-none-eabi/lib/thumb/v6-m\libcr_semihost_nf.a(__sys_remove.o)
                0x0000390a                __sys_remove
 .text.__sys_seek
                0x00003916        0xc d:/nxp/mcuxpressoide_10.2.0_759/ide/tools/bin/../lib/gcc/arm-none-eabi/7.2.1/../../../../arm-none-eabi/lib/thumb/v6-m\libcr_semihost_nf.a(__sys_seek.o)
                0x00003916                __sys_seek
 .text.__sys_tmpnam
                0x00003922        0xc d:/nxp/mcuxpressoide_10.2.0_759/ide/tools/bin/../lib/gcc/arm-none-eabi/7.2.1/../../../../arm-none-eabi/lib/thumb/v6-m\libcr_semihost_nf.a(__sys_tmpnam.o)
                0x00003922                __sys_tmpnam
 .text.__sys_write
                0x0000392e        0xc d:/nxp/mcuxpressoide_10.2.0_759/ide/tools/bin/../lib/gcc/arm-none-eabi/7.2.1/../../../../arm-none-eabi/lib/thumb/v6-m\libcr_semihost_nf.a(__sys_write.o)
                0x0000392e                __sys_write
 *(.rodata .rodata.* .constdata .constdata.*)
 *fill*         0x0000393a        0x2 ff
 .rodata        0x0000393c      0x100 ./source/tpm_pwm_twochannel.o
 .rodata        0x00003a3c      0x11d ./drivers/fsl_clock.o
 *fill*         0x00003b59        0x3 ff
 .rodata.CLOCK_GetFreq
                0x00003b5c       0x38 ./drivers/fsl_clock.o
 .rodata.fllFactorTable.5188
                0x00003b94       0x10 ./drivers/fsl_clock.o
 .rodata        0x00003ba4      0x48c ./drivers/fsl_lpsci.o
 .rodata.s_tpmBases
                0x00004030        0xc ./drivers/fsl_tpm.o
 .rodata.s_tpmClocks
                0x0000403c        0xc ./drivers/fsl_tpm.o
 .rodata        0x00004048      0x287 ./drivers/fsl_tpm.o
 *fill*         0x000042cf        0x1 ff
 .rodata.s_uartBases
                0x000042d0        0xc ./drivers/fsl_uart.o
 .rodata.s_uartClock
                0x000042dc        0xc ./drivers/fsl_uart.o
 .rodata        0x000042e8      0x45b ./drivers/fsl_uart.o
 *fill*         0x00004743        0x1 ff
 .rodata.mcgConfig_BOARD_BootClockRUN
                0x00004744        0xa ./board/clock_config.o
                0x00004744                mcgConfig_BOARD_BootClockRUN
 *fill*         0x0000474e        0x2 ff
 .rodata.simConfig_BOARD_BootClockRUN
                0x00004750        0x8 ./board/clock_config.o
                0x00004750                simConfig_BOARD_BootClockRUN
 .rodata.oscConfig_BOARD_BootClockRUN
                0x00004758        0x8 ./board/clock_config.o
                0x00004758                oscConfig_BOARD_BootClockRUN
 .rodata.__assertion_failed.str1.1
                0x00004760       0x15 d:/nxp/mcuxpressoide_10.2.0_759/ide/tools/bin/../lib/gcc/arm-none-eabi/7.2.1/../../../../arm-none-eabi/lib/thumb/v6-m\libcr_semihost_nf.a(_cr_assert.o)
 *fill*         0x00004775        0x3 ff
 .rodata.__num_Ciob_streams
                0x00004778        0x4 d:/nxp/mcuxpressoide_10.2.0_759/ide/tools/bin/../lib/gcc/arm-none-eabi/7.2.1/../../../../arm-none-eabi/lib/thumb/v6-m\libcr_semihost_nf.a(__ciob.o)
                0x00004778                __num_Ciob_streams
 .rodata._Csys_alloc.str1.1
                0x0000477c       0x18 d:/nxp/mcuxpressoide_10.2.0_759/ide/tools/bin/../lib/gcc/arm-none-eabi/7.2.1/../../../../arm-none-eabi/lib/thumb/v6-m\libcr_c.a(alloc.o)
 .rodata._initio.str1.1
                0x00004794        0x4 d:/nxp/mcuxpressoide_10.2.0_759/ide/tools/bin/../lib/gcc/arm-none-eabi/7.2.1/../../../../arm-none-eabi/lib/thumb/v6-m\libcr_c.a(initio.o)
 .rodata.__vfprintf.str1.1
                0x00004798       0x35 d:/nxp/mcuxpressoide_10.2.0_759/ide/tools/bin/../lib/gcc/arm-none-eabi/7.2.1/../../../../arm-none-eabi/lib/thumb/v6-m\libcr_c.a(printf.o)
                                 0x38 (size before relaxing)
                0x000047d0                . = ALIGN (0x4)
 *fill*         0x000047cd        0x3 ff

.glue_7         0x000047d0        0x0
 .glue_7        0x000047d0        0x0 linker stubs

.glue_7t        0x000047d0        0x0
 .glue_7t       0x000047d0        0x0 linker stubs

.vfp11_veneer   0x000047d0        0x0
 .vfp11_veneer  0x000047d0        0x0 linker stubs

.v4_bx          0x000047d0        0x0
 .v4_bx         0x000047d0        0x0 linker stubs

.iplt           0x000047d0        0x0
 .iplt          0x000047d0        0x0 ./utilities/fsl_debug_console.o

.rel.dyn        0x000047d0        0x0
 .rel.iplt      0x000047d0        0x0 ./utilities/fsl_debug_console.o

.ARM.extab
 *(.ARM.extab* .gnu.linkonce.armextab.*)
                0x000047d0                __exidx_start = .

.ARM.exidx
 *(.ARM.exidx* .gnu.linkonce.armexidx.*)
                0x000047d0                __exidx_end = .
                0x000047d0                _etext = .

.m_usb_data
 *(m_usb_bdt)

.mtb_buffer_default
                0x1ffff000       0x80
 *(.mtb*)
 .mtb.$RAM1     0x1ffff000       0x80 ./source/mtb.o
                0x1ffff000                __mtb_buffer__

.uninit_RESERVED
                0x1ffff080        0x0
 *(.bss.$RESERVED*)
                0x1ffff080                . = ALIGN (0x4)
                0x1ffff080                _end_uninit_RESERVED = .

.data           0x1ffff080       0x10 load address 0x000047d0
 FILL mask 0xff
                0x1ffff080                _data = .
 *(vtable)
 *(.ramfunc*)
 *(.data*)
 .data.updatedDutycycle
                0x1ffff080        0x1 ./source/tpm_pwm_twochannel.o
                0x1ffff080                updatedDutycycle
 *fill*         0x1ffff081        0x3 ff
 .data.s_slowIrcFreq
                0x1ffff084        0x4 ./drivers/fsl_clock.o
 .data.s_fastIrcFreq
                0x1ffff088        0x4 ./drivers/fsl_clock.o
 .data.SystemCoreClock
                0x1ffff08c        0x4 ./CMSIS/system_MKL25Z4.o
                0x1ffff08c                SystemCoreClock
                0x1ffff090                . = ALIGN (0x4)
                0x1ffff090                _edata = .

.igot.plt       0x1ffff090        0x0 load address 0x000047e0
 .igot.plt      0x1ffff090        0x0 ./utilities/fsl_debug_console.o

.bss            0x1ffff090       0xf0 load address 0x000047e0
                0x1ffff090                _bss = .
 *(.bss*)
 .bss.s_debugConsole
                0x1ffff090       0x10 ./utilities/fsl_debug_console.o
 .bss.g_xtal0Freq
                0x1ffff0a0        0x4 ./drivers/fsl_clock.o
                0x1ffff0a0                g_xtal0Freq
 .bss.g_xtal32Freq
                0x1ffff0a4        0x4 ./drivers/fsl_clock.o
                0x1ffff0a4                g_xtal32Freq
 .bss.s_lpsciHandle
                0x1ffff0a8        0x4 ./drivers/fsl_lpsci.o
 .bss.s_lpsciIsr
                0x1ffff0ac        0x4 ./drivers/fsl_lpsci.o
 .bss.s_uartHandle
                0x1ffff0b0        0xc ./drivers/fsl_uart.o
 .bss.s_uartIsr
                0x1ffff0bc        0x4 ./drivers/fsl_uart.o
 .bss.__Ciob    0x1ffff0c0       0xb4 d:/nxp/mcuxpressoide_10.2.0_759/ide/tools/bin/../lib/gcc/arm-none-eabi/7.2.1/../../../../arm-none-eabi/lib/thumb/v6-m\libcr_semihost_nf.a(__ciob.o)
                0x1ffff0c0                __Ciob
 .bss.__end_of_heap
                0x1ffff174        0x4 d:/nxp/mcuxpressoide_10.2.0_759/ide/tools/bin/../lib/gcc/arm-none-eabi/7.2.1/../../../../arm-none-eabi/lib/thumb/v6-m\libcr_c.a(__init_alloc.o)
                0x1ffff174                __end_of_heap
 .bss.__heaps   0x1ffff178        0x4 d:/nxp/mcuxpressoide_10.2.0_759/ide/tools/bin/../lib/gcc/arm-none-eabi/7.2.1/../../../../arm-none-eabi/lib/thumb/v6-m\libcr_c.a(__init_alloc.o)
                0x1ffff178                __heaps
 .bss.errno     0x1ffff17c        0x4 d:/nxp/mcuxpressoide_10.2.0_759/ide/tools/bin/../lib/gcc/arm-none-eabi/7.2.1/../../../../arm-none-eabi/lib/thumb/v6-m\libcr_c.a(errno.o)
                0x1ffff17c                errno
 *(COMMON)
                0x1ffff180                . = ALIGN (0x4)
                0x1ffff180                _ebss = .
                [!provide]                PROVIDE (end, .)

.noinit         0x1ffff180        0x0 load address 0x000047e0
                0x1ffff180                _noinit = .
 *(.noinit*)
                0x1ffff180                . = ALIGN (0x4)
                0x1ffff180                _end_noinit = .
                0x00000400                _HeapSize = 0x400

.heap           0x1ffff180      0x400 load address 0x000047e0
                0x1ffff180                _pvHeapStart = .
                0x1ffff580                . = (. + _HeapSize)
 *fill*         0x1ffff180      0x400 
                0x1ffff580                . = ALIGN (0x4)
                0x1ffff580                _pvHeapLimit = .
                0x00000400                _StackSize = 0x400

.heap2stackfill
                0x1ffff580      0x400 load address 0x000047e0
                0x1ffff980                . = (. + _StackSize)
 *fill*         0x1ffff580      0x400 

.stack          0x20002c00        0x0
                0x20002c00                _vStackBase = .
                0x20002c00                . = ALIGN (0x4)
                0x20003000                _vStackTop = (. + _StackSize)
                0x00000000                _image_start = LOADADDR (.text)
                0x000047e0                _image_end = (LOADADDR (.data) + SIZEOF (.data))
                0x000047e0                _image_size = (_image_end - _image_start)
OUTPUT(frdmkl25z_driver_examples_tpm_pwm_twochannel.axf elf32-littlearm)

.debug_info     0x00000000     0x82a4
 .debug_info    0x00000000      0x95c ./utilities/fsl_debug_console.o
 .debug_info    0x0000095c      0x497 ./startup/startup_mkl25z4.o
 .debug_info    0x00000df3       0x4e ./source/mtb.o
 .debug_info    0x00000e41       0x37 ./source/semihost_hardfault.o
 .debug_info    0x00000e78      0xcba ./source/tpm_pwm_twochannel.o
 .debug_info    0x00001b32     0x195e ./drivers/fsl_clock.o
 .debug_info    0x00003490     0x1388 ./drivers/fsl_lpsci.o
 .debug_info    0x00004818      0xbf4 ./drivers/fsl_tpm.o
 .debug_info    0x0000540c     0x1332 ./drivers/fsl_uart.o
 .debug_info    0x0000673e      0x791 ./board/board.o
 .debug_info    0x00006ecf      0xa75 ./board/clock_config.o
 .debug_info    0x00007944      0x566 ./board/pin_mux.o
 .debug_info    0x00007eaa      0x3fa ./CMSIS/system_MKL25Z4.o

.debug_abbrev   0x00000000     0x172b
 .debug_abbrev  0x00000000      0x1f0 ./utilities/fsl_debug_console.o
 .debug_abbrev  0x000001f0      0x16a ./startup/startup_mkl25z4.o
 .debug_abbrev  0x0000035a       0x41 ./source/mtb.o
 .debug_abbrev  0x0000039b       0x2c ./source/semihost_hardfault.o
 .debug_abbrev  0x000003c7      0x210 ./source/tpm_pwm_twochannel.o
 .debug_abbrev  0x000005d7      0x326 ./drivers/fsl_clock.o
 .debug_abbrev  0x000008fd      0x2ca ./drivers/fsl_lpsci.o
 .debug_abbrev  0x00000bc7      0x24d ./drivers/fsl_tpm.o
 .debug_abbrev  0x00000e14      0x2e2 ./drivers/fsl_uart.o
 .debug_abbrev  0x000010f6      0x182 ./board/board.o
 .debug_abbrev  0x00001278      0x1e4 ./board/clock_config.o
 .debug_abbrev  0x0000145c      0x196 ./board/pin_mux.o
 .debug_abbrev  0x000015f2      0x139 ./CMSIS/system_MKL25Z4.o

.debug_aranges  0x00000000      0x7a0
 .debug_aranges
                0x00000000       0x48 ./utilities/fsl_debug_console.o
 .debug_aranges
                0x00000048      0x160 ./startup/startup_mkl25z4.o
 .debug_aranges
                0x000001a8       0x18 ./source/mtb.o
 .debug_aranges
                0x000001c0       0x20 ./source/semihost_hardfault.o
 .debug_aranges
                0x000001e0       0x38 ./source/tpm_pwm_twochannel.o
 .debug_aranges
                0x00000218      0x1d8 ./drivers/fsl_clock.o
 .debug_aranges
                0x000003f0      0x118 ./drivers/fsl_lpsci.o
 .debug_aranges
                0x00000508       0x88 ./drivers/fsl_tpm.o
 .debug_aranges
                0x00000590      0x130 ./drivers/fsl_uart.o
 .debug_aranges
                0x000006c0       0x28 ./board/board.o
 .debug_aranges
                0x000006e8       0x58 ./board/clock_config.o
 .debug_aranges
                0x00000740       0x38 ./board/pin_mux.o
 .debug_aranges
                0x00000778       0x28 ./CMSIS/system_MKL25Z4.o

.debug_ranges   0x00000000      0x6c8
 .debug_ranges  0x00000000       0x38 ./utilities/fsl_debug_console.o
 .debug_ranges  0x00000038      0x150 ./startup/startup_mkl25z4.o
 .debug_ranges  0x00000188       0x10 ./source/semihost_hardfault.o
 .debug_ranges  0x00000198       0x28 ./source/tpm_pwm_twochannel.o
 .debug_ranges  0x000001c0      0x1c8 ./drivers/fsl_clock.o
 .debug_ranges  0x00000388      0x108 ./drivers/fsl_lpsci.o
 .debug_ranges  0x00000490       0x78 ./drivers/fsl_tpm.o
 .debug_ranges  0x00000508      0x120 ./drivers/fsl_uart.o
 .debug_ranges  0x00000628       0x18 ./board/board.o
 .debug_ranges  0x00000640       0x48 ./board/clock_config.o
 .debug_ranges  0x00000688       0x28 ./board/pin_mux.o
 .debug_ranges  0x000006b0       0x18 ./CMSIS/system_MKL25Z4.o

.debug_line     0x00000000     0x2598
 .debug_line    0x00000000      0x203 ./utilities/fsl_debug_console.o
 .debug_line    0x00000203      0x128 ./startup/startup_mkl25z4.o
 .debug_line    0x0000032b       0x30 ./source/mtb.o
 .debug_line    0x0000035b       0x54 ./source/semihost_hardfault.o
 .debug_line    0x000003af      0x204 ./source/tpm_pwm_twochannel.o
 .debug_line    0x000005b3      0x8c0 ./drivers/fsl_clock.o
 .debug_line    0x00000e73      0x673 ./drivers/fsl_lpsci.o
 .debug_line    0x000014e6      0x433 ./drivers/fsl_tpm.o
 .debug_line    0x00001919      0x676 ./drivers/fsl_uart.o
 .debug_line    0x00001f8f      0x14e ./board/board.o
 .debug_line    0x000020dd      0x1f1 ./board/clock_config.o
 .debug_line    0x000022ce      0x179 ./board/pin_mux.o
 .debug_line    0x00002447      0x151 ./CMSIS/system_MKL25Z4.o

.debug_str      0x00000000     0x4129
 .debug_str     0x00000000      0xb0d ./utilities/fsl_debug_console.o
                                0xb7e (size before relaxing)
 .debug_str     0x00000b0d      0x394 ./startup/startup_mkl25z4.o
                                0x4dd (size before relaxing)
 .debug_str     0x00000ea1       0x1f ./source/mtb.o
                                0x167 (size before relaxing)
 .debug_str     0x00000ec0       0x1f ./source/semihost_hardfault.o
                                0x167 (size before relaxing)
 .debug_str     0x00000edf      0xa86 ./source/tpm_pwm_twochannel.o
                               0x11ed (size before relaxing)
 .debug_str     0x00001965      0xc0d ./drivers/fsl_clock.o
                               0x1808 (size before relaxing)
 .debug_str     0x00002572      0xb93 ./drivers/fsl_lpsci.o
                               0x15d0 (size before relaxing)
 .debug_str     0x00003105      0x3d1 ./drivers/fsl_tpm.o
                               0x119f (size before relaxing)
 .debug_str     0x000034d6      0x819 ./drivers/fsl_uart.o
                               0x15dc (size before relaxing)
 .debug_str     0x00003cef       0x4c ./board/board.o
                                0x75b (size before relaxing)
 .debug_str     0x00003d3b      0x237 ./board/clock_config.o
                                0xdef (size before relaxing)
 .debug_str     0x00003f72      0x168 ./board/pin_mux.o
                                0x5f8 (size before relaxing)
 .debug_str     0x000040da       0x4f ./CMSIS/system_MKL25Z4.o
                                0x349 (size before relaxing)

.comment        0x00000000       0x7e
 .comment       0x00000000       0x7e ./utilities/fsl_debug_console.o
                                 0x7f (size before relaxing)
 .comment       0x0000007e       0x7f ./startup/startup_mkl25z4.o
 .comment       0x0000007e       0x7f ./source/mtb.o
 .comment       0x0000007e       0x7f ./source/semihost_hardfault.o
 .comment       0x0000007e       0x7f ./source/tpm_pwm_twochannel.o
 .comment       0x0000007e       0x7f ./drivers/fsl_clock.o
 .comment       0x0000007e       0x7f ./drivers/fsl_lpsci.o
 .comment       0x0000007e       0x7f ./drivers/fsl_tpm.o
 .comment       0x0000007e       0x7f ./drivers/fsl_uart.o
 .comment       0x0000007e       0x7f ./board/board.o
 .comment       0x0000007e       0x7f ./board/clock_config.o
 .comment       0x0000007e       0x7f ./board/pin_mux.o
 .comment       0x0000007e       0x7f ./CMSIS/system_MKL25Z4.o
 .comment       0x0000007e       0x7f d:/nxp/mcuxpressoide_10.2.0_759/ide/tools/bin/../lib/gcc/arm-none-eabi/7.2.1/../../../../arm-none-eabi/lib/thumb/v6-m\libcr_semihost_nf.a(_cr__main.o)
 .comment       0x0000007e       0x7f d:/nxp/mcuxpressoide_10.2.0_759/ide/tools/bin/../lib/gcc/arm-none-eabi/7.2.1/../../../../arm-none-eabi/lib/thumb/v6-m\libcr_semihost_nf.a(_cr_assert.o)
 .comment       0x0000007e       0x7f d:/nxp/mcuxpressoide_10.2.0_759/ide/tools/bin/../lib/gcc/arm-none-eabi/7.2.1/../../../../arm-none-eabi/lib/thumb/v6-m\libcr_semihost_nf.a(__ciob.o)
 .comment       0x0000007e       0x7f d:/nxp/mcuxpressoide_10.2.0_759/ide/tools/bin/../lib/gcc/arm-none-eabi/7.2.1/../../../../arm-none-eabi/lib/thumb/v6-m\libcr_c.a(memset.o)
 .comment       0x0000007e       0x7f d:/nxp/mcuxpressoide_10.2.0_759/ide/tools/bin/../lib/gcc/arm-none-eabi/7.2.1/../../../../arm-none-eabi/lib/thumb/v6-m\libcr_c.a(_deferredlazyseek.o)
 .comment       0x0000007e       0x7f d:/nxp/mcuxpressoide_10.2.0_759/ide/tools/bin/../lib/gcc/arm-none-eabi/7.2.1/../../../../arm-none-eabi/lib/thumb/v6-m\libcr_c.a(_fflush.o)
 .comment       0x0000007e       0x7f d:/nxp/mcuxpressoide_10.2.0_759/ide/tools/bin/../lib/gcc/arm-none-eabi/7.2.1/../../../../arm-none-eabi/lib/thumb/v6-m\libcr_c.a(_writebuf.o)
 .comment       0x0000007e       0x7f d:/nxp/mcuxpressoide_10.2.0_759/ide/tools/bin/../lib/gcc/arm-none-eabi/7.2.1/../../../../arm-none-eabi/lib/thumb/v6-m\libcr_c.a(alloc.o)
 .comment       0x0000007e       0x7f d:/nxp/mcuxpressoide_10.2.0_759/ide/tools/bin/../lib/gcc/arm-none-eabi/7.2.1/../../../../arm-none-eabi/lib/thumb/v6-m\libcr_c.a(fputs.o)
 .comment       0x0000007e       0x7f d:/nxp/mcuxpressoide_10.2.0_759/ide/tools/bin/../lib/gcc/arm-none-eabi/7.2.1/../../../../arm-none-eabi/lib/thumb/v6-m\libcr_c.a(fseek.o)
 .comment       0x0000007e       0x7f d:/nxp/mcuxpressoide_10.2.0_759/ide/tools/bin/../lib/gcc/arm-none-eabi/7.2.1/../../../../arm-none-eabi/lib/thumb/v6-m\libcr_c.a(ftell.o)
 .comment       0x0000007e       0x7f d:/nxp/mcuxpressoide_10.2.0_759/ide/tools/bin/../lib/gcc/arm-none-eabi/7.2.1/../../../../arm-none-eabi/lib/thumb/v6-m\libcr_c.a(initio.o)
 .comment       0x0000007e       0x7f d:/nxp/mcuxpressoide_10.2.0_759/ide/tools/bin/../lib/gcc/arm-none-eabi/7.2.1/../../../../arm-none-eabi/lib/thumb/v6-m\libcr_c.a(printf.o)
 .comment       0x0000007e       0x7f d:/nxp/mcuxpressoide_10.2.0_759/ide/tools/bin/../lib/gcc/arm-none-eabi/7.2.1/../../../../arm-none-eabi/lib/thumb/v6-m\libcr_c.a(setvbuf.o)
 .comment       0x0000007e       0x7f d:/nxp/mcuxpressoide_10.2.0_759/ide/tools/bin/../lib/gcc/arm-none-eabi/7.2.1/../../../../arm-none-eabi/lib/thumb/v6-m\libcr_c.a(strlen.o)
 .comment       0x0000007e       0x7f d:/nxp/mcuxpressoide_10.2.0_759/ide/tools/bin/../lib/gcc/arm-none-eabi/7.2.1/../../../../arm-none-eabi/lib/thumb/v6-m\libcr_c.a(__init_alloc.o)
 .comment       0x0000007e       0x7f d:/nxp/mcuxpressoide_10.2.0_759/ide/tools/bin/../lib/gcc/arm-none-eabi/7.2.1/../../../../arm-none-eabi/lib/thumb/v6-m\libcr_c.a(_cr_sbrk.o)
 .comment       0x0000007e       0x7f d:/nxp/mcuxpressoide_10.2.0_759/ide/tools/bin/../lib/gcc/arm-none-eabi/7.2.1/../../../../arm-none-eabi/lib/thumb/v6-m\libcr_c.a(_fdopen.o)
 .comment       0x0000007e       0x7f d:/nxp/mcuxpressoide_10.2.0_759/ide/tools/bin/../lib/gcc/arm-none-eabi/7.2.1/../../../../arm-none-eabi/lib/thumb/v6-m\libcr_c.a(errno.o)
 .comment       0x0000007e       0x7f d:/nxp/mcuxpressoide_10.2.0_759/ide/tools/bin/../lib/gcc/arm-none-eabi/7.2.1/../../../../arm-none-eabi/lib/thumb/v6-m\libcr_c.a(fclose.o)
 .comment       0x0000007e       0x7f d:/nxp/mcuxpressoide_10.2.0_759/ide/tools/bin/../lib/gcc/arm-none-eabi/7.2.1/../../../../arm-none-eabi/lib/thumb/v6-m\libcr_c.a(fflush.o)
 .comment       0x0000007e       0x7f d:/nxp/mcuxpressoide_10.2.0_759/ide/tools/bin/../lib/gcc/arm-none-eabi/7.2.1/../../../../arm-none-eabi/lib/thumb/v6-m\libcr_c.a(remove.o)
 .comment       0x0000007e       0x7f d:/nxp/mcuxpressoide_10.2.0_759/ide/tools/bin/../lib/gcc/arm-none-eabi/7.2.1/../../../../arm-none-eabi/lib/thumb/v6-m\libcr_c.a(_cr_check_heap.o)
 .comment       0x0000007e       0x7f d:/nxp/mcuxpressoide_10.2.0_759/ide/tools/bin/../lib/gcc/arm-none-eabi/7.2.1/../../../../arm-none-eabi/lib/thumb/v6-m\libcr_c.a(_do_fflush.o)

.ARM.attributes
                0x00000000       0x30
 .ARM.attributes
                0x00000000       0x32 ./utilities/fsl_debug_console.o
 .ARM.attributes
                0x00000032       0x32 ./startup/startup_mkl25z4.o
 .ARM.attributes
                0x00000064       0x32 ./source/mtb.o
 .ARM.attributes
                0x00000096       0x32 ./source/semihost_hardfault.o
 .ARM.attributes
                0x000000c8       0x32 ./source/tpm_pwm_twochannel.o
 .ARM.attributes
                0x000000fa       0x32 ./drivers/fsl_clock.o
 .ARM.attributes
                0x0000012c       0x32 ./drivers/fsl_lpsci.o
 .ARM.attributes
                0x0000015e       0x32 ./drivers/fsl_tpm.o
 .ARM.attributes
                0x00000190       0x32 ./drivers/fsl_uart.o
 .ARM.attributes
                0x000001c2       0x32 ./board/board.o
 .ARM.attributes
                0x000001f4       0x32 ./board/clock_config.o
 .ARM.attributes
                0x00000226       0x32 ./board/pin_mux.o
 .ARM.attributes
                0x00000258       0x32 ./CMSIS/system_MKL25Z4.o
 .ARM.attributes
                0x0000028a       0x31 d:/nxp/mcuxpressoide_10.2.0_759/ide/tools/bin/../lib/gcc/arm-none-eabi/7.2.1/../../../../arm-none-eabi/lib/thumb/v6-m\libcr_semihost_nf.a(_cr__main.o)
 .ARM.attributes
                0x000002bb       0x31 d:/nxp/mcuxpressoide_10.2.0_759/ide/tools/bin/../lib/gcc/arm-none-eabi/7.2.1/../../../../arm-none-eabi/lib/thumb/v6-m\libcr_semihost_nf.a(_cr_assert.o)
 .ARM.attributes
                0x000002ec       0x31 d:/nxp/mcuxpressoide_10.2.0_759/ide/tools/bin/../lib/gcc/arm-none-eabi/7.2.1/../../../../arm-none-eabi/lib/thumb/v6-m\libcr_semihost_nf.a(__ciob.o)
 .ARM.attributes
                0x0000031d       0x21 d:/nxp/mcuxpressoide_10.2.0_759/ide/tools/bin/../lib/gcc/arm-none-eabi/7.2.1/../../../../arm-none-eabi/lib/thumb/v6-m\libcr_semihost_nf.a(__sys_appexit.o)
 .ARM.attributes
                0x0000033e       0x31 d:/nxp/mcuxpressoide_10.2.0_759/ide/tools/bin/../lib/gcc/arm-none-eabi/7.2.1/../../../../arm-none-eabi/lib/thumb/v6-m\libcr_c.a(memset.o)
 .ARM.attributes
                0x0000036f       0x31 d:/nxp/mcuxpressoide_10.2.0_759/ide/tools/bin/../lib/gcc/arm-none-eabi/7.2.1/../../../../arm-none-eabi/lib/thumb/v6-m\libcr_c.a(_deferredlazyseek.o)
 .ARM.attributes
                0x000003a0       0x31 d:/nxp/mcuxpressoide_10.2.0_759/ide/tools/bin/../lib/gcc/arm-none-eabi/7.2.1/../../../../arm-none-eabi/lib/thumb/v6-m\libcr_c.a(_fflush.o)
 .ARM.attributes
                0x000003d1       0x31 d:/nxp/mcuxpressoide_10.2.0_759/ide/tools/bin/../lib/gcc/arm-none-eabi/7.2.1/../../../../arm-none-eabi/lib/thumb/v6-m\libcr_c.a(_writebuf.o)
 .ARM.attributes
                0x00000402       0x31 d:/nxp/mcuxpressoide_10.2.0_759/ide/tools/bin/../lib/gcc/arm-none-eabi/7.2.1/../../../../arm-none-eabi/lib/thumb/v6-m\libcr_c.a(alloc.o)
 .ARM.attributes
                0x00000433       0x31 d:/nxp/mcuxpressoide_10.2.0_759/ide/tools/bin/../lib/gcc/arm-none-eabi/7.2.1/../../../../arm-none-eabi/lib/thumb/v6-m\libcr_c.a(fputs.o)
 .ARM.attributes
                0x00000464       0x31 d:/nxp/mcuxpressoide_10.2.0_759/ide/tools/bin/../lib/gcc/arm-none-eabi/7.2.1/../../../../arm-none-eabi/lib/thumb/v6-m\libcr_c.a(fseek.o)
 .ARM.attributes
                0x00000495       0x31 d:/nxp/mcuxpressoide_10.2.0_759/ide/tools/bin/../lib/gcc/arm-none-eabi/7.2.1/../../../../arm-none-eabi/lib/thumb/v6-m\libcr_c.a(ftell.o)
 .ARM.attributes
                0x000004c6       0x31 d:/nxp/mcuxpressoide_10.2.0_759/ide/tools/bin/../lib/gcc/arm-none-eabi/7.2.1/../../../../arm-none-eabi/lib/thumb/v6-m\libcr_c.a(initio.o)
 .ARM.attributes
                0x000004f7       0x31 d:/nxp/mcuxpressoide_10.2.0_759/ide/tools/bin/../lib/gcc/arm-none-eabi/7.2.1/../../../../arm-none-eabi/lib/thumb/v6-m\libcr_c.a(printf.o)
 .ARM.attributes
                0x00000528       0x31 d:/nxp/mcuxpressoide_10.2.0_759/ide/tools/bin/../lib/gcc/arm-none-eabi/7.2.1/../../../../arm-none-eabi/lib/thumb/v6-m\libcr_c.a(setvbuf.o)
 .ARM.attributes
                0x00000559       0x31 d:/nxp/mcuxpressoide_10.2.0_759/ide/tools/bin/../lib/gcc/arm-none-eabi/7.2.1/../../../../arm-none-eabi/lib/thumb/v6-m\libcr_c.a(strlen.o)
 .ARM.attributes
                0x0000058a       0x31 d:/nxp/mcuxpressoide_10.2.0_759/ide/tools/bin/../lib/gcc/arm-none-eabi/7.2.1/../../../../arm-none-eabi/lib/thumb/v6-m\libcr_c.a(__init_alloc.o)
 .ARM.attributes
                0x000005bb       0x31 d:/nxp/mcuxpressoide_10.2.0_759/ide/tools/bin/../lib/gcc/arm-none-eabi/7.2.1/../../../../arm-none-eabi/lib/thumb/v6-m\libcr_c.a(_cr_sbrk.o)
 .ARM.attributes
                0x000005ec       0x31 d:/nxp/mcuxpressoide_10.2.0_759/ide/tools/bin/../lib/gcc/arm-none-eabi/7.2.1/../../../../arm-none-eabi/lib/thumb/v6-m\libcr_c.a(_fdopen.o)
 .ARM.attributes
                0x0000061d       0x31 d:/nxp/mcuxpressoide_10.2.0_759/ide/tools/bin/../lib/gcc/arm-none-eabi/7.2.1/../../../../arm-none-eabi/lib/thumb/v6-m\libcr_c.a(errno.o)
 .ARM.attributes
                0x0000064e       0x31 d:/nxp/mcuxpressoide_10.2.0_759/ide/tools/bin/../lib/gcc/arm-none-eabi/7.2.1/../../../../arm-none-eabi/lib/thumb/v6-m\libcr_c.a(fclose.o)
 .ARM.attributes
                0x0000067f       0x31 d:/nxp/mcuxpressoide_10.2.0_759/ide/tools/bin/../lib/gcc/arm-none-eabi/7.2.1/../../../../arm-none-eabi/lib/thumb/v6-m\libcr_c.a(fflush.o)
 .ARM.attributes
                0x000006b0       0x31 d:/nxp/mcuxpressoide_10.2.0_759/ide/tools/bin/../lib/gcc/arm-none-eabi/7.2.1/../../../../arm-none-eabi/lib/thumb/v6-m\libcr_c.a(remove.o)
 .ARM.attributes
                0x000006e1       0x31 d:/nxp/mcuxpressoide_10.2.0_759/ide/tools/bin/../lib/gcc/arm-none-eabi/7.2.1/../../../../arm-none-eabi/lib/thumb/v6-m\libcr_c.a(_cr_check_heap.o)
 .ARM.attributes
                0x00000712       0x31 d:/nxp/mcuxpressoide_10.2.0_759/ide/tools/bin/../lib/gcc/arm-none-eabi/7.2.1/../../../../arm-none-eabi/lib/thumb/v6-m\libcr_c.a(_do_fflush.o)
 .ARM.attributes
                0x00000743       0x21 d:/nxp/mcuxpressoide_10.2.0_759/ide/tools/bin/../lib/gcc/arm-none-eabi/7.2.1/thumb/v6-m\libcr_eabihelpers.a(division_32.o)
 .ARM.attributes
                0x00000764       0x21 d:/nxp/mcuxpressoide_10.2.0_759/ide/tools/bin/../lib/gcc/arm-none-eabi/7.2.1/thumb/v6-m\libcr_eabihelpers.a(division_idiv0.o)
 .ARM.attributes
                0x00000785       0x21 d:/nxp/mcuxpressoide_10.2.0_759/ide/tools/bin/../lib/gcc/arm-none-eabi/7.2.1/thumb/v6-m\libcr_eabihelpers.a(llong.o)
 .ARM.attributes
                0x000007a6       0x21 d:/nxp/mcuxpressoide_10.2.0_759/ide/tools/bin/../lib/gcc/arm-none-eabi/7.2.1/thumb/v6-m\libcr_eabihelpers.a(memcpy.o)
 .ARM.attributes
                0x000007c7       0x21 d:/nxp/mcuxpressoide_10.2.0_759/ide/tools/bin/../lib/gcc/arm-none-eabi/7.2.1/../../../../arm-none-eabi/lib/thumb/v6-m\libcr_semihost_nf.a(__sys_close.o)
 .ARM.attributes
                0x000007e8       0x21 d:/nxp/mcuxpressoide_10.2.0_759/ide/tools/bin/../lib/gcc/arm-none-eabi/7.2.1/../../../../arm-none-eabi/lib/thumb/v6-m\libcr_semihost_nf.a(__sys_flen.o)
 .ARM.attributes
                0x00000809       0x21 d:/nxp/mcuxpressoide_10.2.0_759/ide/tools/bin/../lib/gcc/arm-none-eabi/7.2.1/../../../../arm-none-eabi/lib/thumb/v6-m\libcr_semihost_nf.a(__sys_istty.o)
 .ARM.attributes
                0x0000082a       0x21 d:/nxp/mcuxpressoide_10.2.0_759/ide/tools/bin/../lib/gcc/arm-none-eabi/7.2.1/../../../../arm-none-eabi/lib/thumb/v6-m\libcr_semihost_nf.a(__sys_remove.o)
 .ARM.attributes
                0x0000084b       0x21 d:/nxp/mcuxpressoide_10.2.0_759/ide/tools/bin/../lib/gcc/arm-none-eabi/7.2.1/../../../../arm-none-eabi/lib/thumb/v6-m\libcr_semihost_nf.a(__sys_seek.o)
 .ARM.attributes
                0x0000086c       0x21 d:/nxp/mcuxpressoide_10.2.0_759/ide/tools/bin/../lib/gcc/arm-none-eabi/7.2.1/../../../../arm-none-eabi/lib/thumb/v6-m\libcr_semihost_nf.a(__sys_tmpnam.o)
 .ARM.attributes
                0x0000088d       0x21 d:/nxp/mcuxpressoide_10.2.0_759/ide/tools/bin/../lib/gcc/arm-none-eabi/7.2.1/../../../../arm-none-eabi/lib/thumb/v6-m\libcr_semihost_nf.a(__sys_write.o)

.debug_frame    0x00000000     0x1884
 .debug_frame   0x00000000       0xcc ./utilities/fsl_debug_console.o
 .debug_frame   0x000000cc      0x3b0 ./startup/startup_mkl25z4.o
 .debug_frame   0x0000047c       0x20 ./source/semihost_hardfault.o
 .debug_frame   0x0000049c       0x94 ./source/tpm_pwm_twochannel.o
 .debug_frame   0x00000530      0x6e0 ./drivers/fsl_clock.o
 .debug_frame   0x00000c10      0x418 ./drivers/fsl_lpsci.o
 .debug_frame   0x00001028      0x1d0 ./drivers/fsl_tpm.o
 .debug_frame   0x000011f8      0x468 ./drivers/fsl_uart.o
 .debug_frame   0x00001660       0x50 ./board/board.o
 .debug_frame   0x000016b0      0x100 ./board/clock_config.o
 .debug_frame   0x000017b0       0x88 ./board/pin_mux.o
 .debug_frame   0x00001838       0x4c ./CMSIS/system_MKL25Z4.o
